[    0.000000] Initializing cgroup subsys cpuset
[    0.000000] Initializing cgroup subsys cpu
[    0.000000] Linux version 3.2.0-37-virtual (buildd@allspice) (gcc version 4.6.3 (Ubuntu/Linaro 4.6.3-1ubuntu5) ) #58-Ubuntu SMP Thu Jan 24 15:48:03 UTC 2013 (Ubuntu 3.2.0-37.58-virtual 3.2.35)
[    0.000000] Command line: root=/dev/vda console=tty0 console=ttyS0
[    0.000000] KERNEL supported cpus:
[    0.000000]   Intel GenuineIntel
[    0.000000]   AMD AuthenticAMD
[    0.000000]   Centaur CentaurHauls
[    0.000000] BIOS-provided physical RAM map:
[    0.000000]  BIOS-e820: 0000000000000000 - 000000000009dc00 (usable)
[    0.000000]  BIOS-e820: 000000000009dc00 - 00000000000a0000 (reserved)
[    0.000000]  BIOS-e820: 00000000000f0000 - 0000000000100000 (reserved)
[    0.000000]  BIOS-e820: 0000000000100000 - 000000001fffd000 (usable)
[    0.000000]  BIOS-e820: 000000001fffd000 - 0000000020000000 (reserved)
[    0.000000]  BIOS-e820: 00000000feffc000 - 00000000ff000000 (reserved)
[    0.000000]  BIOS-e820: 00000000fffc0000 - 0000000100000000 (reserved)
[    0.000000] NX (Execute Disable) protection: active
[    0.000000] DMI 2.4 present.
[    0.000000] No AGP bridge found
[    0.000000] last_pfn = 0x1fffd max_arch_pfn = 0x400000000
[    0.000000] x86 PAT enabled: cpu 0, old 0x70406, new 0x7010600070106
[    0.000000] found SMP MP-table at [ffff8800000fdaf0] fdaf0
[    0.000000] Using GB pages for direct mapping
[    0.000000] init_memory_mapping: 0000000000000000-000000001fffd000
[    0.000000] RAMDISK: 1fc65000 - 1fff0000
[    0.000000] ACPI: RSDP 00000000000fd950 00014 (v00 BOCHS )
[    0.000000] ACPI: RSDT 000000001fffd7b0 00034 (v01 BOCHS  BXPCRSDT 00000001 BXPC 00000001)
[    0.000000] ACPI: FACP 000000001fffff80 00074 (v01 BOCHS  BXPCFACP 00000001 BXPC 00000001)
[    0.000000] ACPI: DSDT 000000001fffd9b0 02589 (v01   BXPC   BXDSDT 00000001 INTL 20100528)
[    0.000000] ACPI: FACS 000000001fffff40 00040
[    0.000000] ACPI: SSDT 000000001fffd910 0009E (v01 BOCHS  BXPCSSDT 00000001 BXPC 00000001)
[    0.000000] ACPI: APIC 000000001fffd830 00072 (v01 BOCHS  BXPCAPIC 00000001 BXPC 00000001)
[    0.000000] ACPI: HPET 000000001fffd7f0 00038 (v01 BOCHS  BXPCHPET 00000001 BXPC 00000001)
[    0.000000] No NUMA configuration found
[    0.000000] Faking a node at 0000000000000000-000000001fffd000
[    0.000000] Initmem setup node 0 0000000000000000-000000001fffd000
[    0.000000]   NODE_DATA [000000001fff5000 - 000000001fff9fff]
[    0.000000] kvm-clock: Using msrs 4b564d01 and 4b564d00
[    0.000000] kvm-clock: cpu 0, msr 0:1cf7681, boot clock
[    0.000000] Zone PFN ranges:
[    0.000000]   DMA      0x00000010 -> 0x00001000
[    0.000000]   DMA32    0x00001000 -> 0x00100000
[    0.000000]   Normal   empty
[    0.000000] Movable zone start PFN for each node
[    0.000000] early_node_map[2] active PFN ranges
[    0.000000]     0: 0x00000010 -> 0x0000009d
[    0.000000]     0: 0x00000100 -> 0x0001fffd
[    0.000000] ACPI: PM-Timer IO Port: 0xb008
[    0.000000] ACPI: LAPIC (acpi_id[0x00] lapic_id[0x00] enabled)
[    0.000000] ACPI: IOAPIC (id[0x01] address[0xfec00000] gsi_base[0])
[    0.000000] IOAPIC[0]: apic_id 1, version 17, address 0xfec00000, GSI 0-23
[    0.000000] ACPI: INT_SRC_OVR (bus 0 bus_irq 0 global_irq 2 dfl dfl)
[    0.000000] ACPI: INT_SRC_OVR (bus 0 bus_irq 5 global_irq 5 high level)
[    0.000000] ACPI: INT_SRC_OVR (bus 0 bus_irq 9 global_irq 9 high level)
[    0.000000] ACPI: INT_SRC_OVR (bus 0 bus_irq 10 global_irq 10 high level)
[    0.000000] ACPI: INT_SRC_OVR (bus 0 bus_irq 11 global_irq 11 high level)
[    0.000000] Using ACPI (MADT) for SMP configuration information
[    0.000000] ACPI: HPET id: 0x8086a201 base: 0xfed00000
[    0.000000] SMP: Allowing 1 CPUs, 0 hotplug CPUs
[    0.000000] PM: Registered nosave memory: 000000000009d000 - 000000000009e000
[    0.000000] PM: Registered nosave memory: 000000000009e000 - 00000000000a0000
[    0.000000] PM: Registered nosave memory: 00000000000a0000 - 00000000000f0000
[    0.000000] PM: Registered nosave memory: 00000000000f0000 - 0000000000100000
[    0.000000] Allocating PCI resources starting at 20000000 (gap: 20000000:deffc000)
[    0.000000] Booting paravirtualized kernel on KVM
[    0.000000] setup_percpu: NR_CPUS:64 nr_cpumask_bits:64 nr_cpu_ids:1 nr_node_ids:1
[    0.000000] PERCPU: Embedded 28 pages/cpu @ffff88001fa00000 s82880 r8192 d23616 u2097152
[    0.000000] kvm-clock: cpu 0, msr 0:1fa13681, primary cpu clock
[    0.000000] KVM setup async PF for cpu 0
[    0.000000] kvm-stealtime: cpu 0, msr 1fa0dd40
[    0.000000] Built 1 zonelists in Node order, mobility grouping on.  Total pages: 128901
[    0.000000] Policy zone: DMA32
[    0.000000] Kernel command line: root=/dev/vda console=tty0 console=ttyS0
[    0.000000] PID hash table entries: 2048 (order: 2, 16384 bytes)
[    0.000000] Checking aperture...
[    0.000000] No AGP bridge found
[    0.000000] Memory: 496112k/524276k available (6541k kernel code, 460k absent, 27704k reserved, 6652k data, 924k init)
[    0.000000] SLUB: Genslabs=15, HWalign=64, Order=0-3, MinObjects=0, CPUs=1, Nodes=1
[    0.000000] Hierarchical RCU implementation.
[    0.000000] 	RCU dyntick-idle grace-period acceleration is enabled.
[    0.000000] NR_IRQS:4352 nr_irqs:256 16
[    0.000000] Console: colour VGA+ 80x25
[    0.000000] console [tty0] enabled
[    0.000000] console [ttyS0] enabled
[    0.000000] allocated 4194304 bytes of page_cgroup
[    0.000000] please try 'cgroup_disable=memory' option if you don't want memory cgroups
[    0.000000] Detected 2000.068 MHz processor.
[    0.008000] Calibrating delay loop (skipped) preset value.. 4000.13 BogoMIPS (lpj=8000272)
[    0.008000] pid_max: default: 32768 minimum: 301
[    0.008028] Security Framework initialized
[    0.009187] AppArmor: AppArmor initialized
[    0.010318] Yama: becoming mindful.
[    0.012101] Dentry cache hash table entries: 65536 (order: 7, 524288 bytes)
[    0.014229] Inode-cache hash table entries: 32768 (order: 6, 262144 bytes)
[    0.016077] Mount-cache hash table entries: 256
[    0.017509] Initializing cgroup subsys cpuacct
[    0.018748] Initializing cgroup subsys memory
[    0.020029] Initializing cgroup subsys devices
[    0.021265] Initializing cgroup subsys freezer
[    0.022507] Initializing cgroup subsys blkio
[    0.024024] Initializing cgroup subsys perf_event
[    0.025416] mce: CPU supports 10 MCE banks
[    0.026875] SMP alternatives: switching to UP code
[    0.053168] Freeing SMP alternatives: 24k freed
[    0.054496] ACPI: Core revision 20110623
[    0.056862] ftrace: allocating 27027 entries in 106 pages
[    0.061672] ..TIMER: vector=0x30 apic1=0 pin1=2 apic2=-1 pin2=-1
[    0.063184] CPU0: Intel(R) Core(TM)2 Duo CPU     T7700  @ 2.40GHz stepping 0b
[    0.068003] Performance Events: unsupported p6 CPU model 15 no PMU driver, software events only.
[    0.068003] NMI watchdog disabled (cpu0): hardware events not enabled
[    0.068039] Brought up 1 CPUs
[    0.068939] Total of 1 processors activated (4000.13 BogoMIPS).
[    0.071188] devtmpfs: initialized
[    0.072944] EVM: security.selinux
[    0.073913] EVM: security.SMACK64
[    0.074872] EVM: security.capability
[    0.076933] print_constraints: dummy: 
[    0.078070] RTC time: 17:38:24, date: 08/12/14
[    0.079311] NET: Registered protocol family 16
[    0.080171] ACPI: bus type pci registered
[    0.081411] PCI: Using configuration type 1 for base access
[    0.084721] bio: create slab <bio-0> at 0
[    0.085979] ACPI: Added _OSI(Module Device)
[    0.087107] ACPI: Added _OSI(Processor Device)
[    0.088009] ACPI: Added _OSI(3.0 _SCP Extensions)
[    0.089247] ACPI: Added _OSI(Processor Aggregator Device)
[    0.096438] ACPI: Interpreter enabled
[    0.097480] ACPI: (supports S0 S3 S4 S5)
[    0.098976] ACPI: Using IOAPIC for interrupt routing
[    0.104087] ACPI: No dock devices found.
[    0.105165] HEST: Table not found.
[    0.106117] PCI: Ignoring host bridge windows from ACPI; if necessary, use "pci=use_crs" and report a bug
[    0.108030] ACPI: PCI Root Bridge [PCI0] (domain 0000 [bus 00-ff])
[    0.113152] pci 0000:00:01.3: quirk: [io  0xb000-0xb03f] claimed by PIIX4 ACPI
[    0.115050] pci 0000:00:01.3: quirk: [io  0xb100-0xb10f] claimed by PIIX4 SMB
[    0.127045]  pci0000:00: Unable to request _OSC control (_OSC support mask: 0x1e)
[    0.133254] ACPI: PCI Interrupt Link [LNKA] (IRQs 5 *10 11)
[    0.135258] ACPI: PCI Interrupt Link [LNKB] (IRQs 5 *10 11)
[    0.137035] ACPI: PCI Interrupt Link [LNKC] (IRQs 5 10 *11)
[    0.139026] ACPI: PCI Interrupt Link [LNKD] (IRQs 5 10 *11)
[    0.141038] ACPI: PCI Interrupt Link [LNKS] (IRQs 9) *0
[    0.143099] vgaarb: device added: PCI:0000:00:02.0,decodes=io+mem,owns=io+mem,locks=none
[    0.144013] vgaarb: loaded
[    0.144847] vgaarb: bridge control possible 0000:00:02.0
[    0.146358] i2c-core: driver [aat2870] using legacy suspend method
[    0.148011] i2c-core: driver [aat2870] using legacy resume method
[    0.149614] SCSI subsystem initialized
[    0.152217] usbcore: registered new interface driver usbfs
[    0.153633] usbcore: registered new interface driver hub
[    0.155030] usbcore: registered new device driver usb
[    0.156156] PCI: Using ACPI for IRQ routing
[    0.157814] NetLabel: Initializing
[    0.159514] NetLabel:  domain hash size = 128
[    0.160012] NetLabel:  protocols = UNLABELED CIPSOv4
[    0.161321] NetLabel:  unlabeled traffic allowed by default
[    0.164099] Switching to clocksource kvm-clock
[    0.173145] AppArmor: AppArmor Filesystem Enabled
[    0.174452] pnp: PnP ACPI init
[    0.175397] ACPI: bus type pnp registered
[    0.177534] pnp: PnP ACPI: found 8 devices
[    0.179176] ACPI: ACPI bus type pnp unregistered
[    0.187353] NET: Registered protocol family 2
[    0.188629] IP route cache hash table entries: 4096 (order: 3, 32768 bytes)
[    0.190544] TCP established hash table entries: 16384 (order: 6, 262144 bytes)
[    0.192585] TCP bind hash table entries: 16384 (order: 6, 262144 bytes)
[    0.194257] TCP: Hash tables configured (established 16384 bind 16384)
[    0.195850] TCP reno registered
[    0.196803] UDP hash table entries: 256 (order: 1, 8192 bytes)
[    0.198280] UDP-Lite hash table entries: 256 (order: 1, 8192 bytes)
[    0.199900] NET: Registered protocol family 1
[    0.201124] pci 0000:00:00.0: Limiting direct PCI/PCI transfers
[    0.202628] pci 0000:00:01.0: PIIX3: Enabling Passive Release
[    0.204102] pci 0000:00:01.0: Activating ISA DMA hang workarounds
[    0.205776] ACPI: PCI Interrupt Link [LNKD] enabled at IRQ 11
[    0.208382] pci 0000:00:01.2: PCI INT D -> Link[LNKD] -> GSI 11 (level, high) -> IRQ 11
[    0.210574] pci 0000:00:01.2: PCI INT D disabled
[    0.212669] audit: initializing netlink socket (disabled)
[    0.214044] type=2000 audit(1407865105.212:1): initialized
[    0.242372] Trying to unpack rootfs image as initramfs...
[    0.276861] HugeTLB registered 2 MB page size, pre-allocated 0 pages
[    0.296202] VFS: Disk quotas dquot_6.5.2
[    0.297376] Dquot-cache hash table entries: 512 (order 0, 4096 bytes)
[    0.299493] fuse init (API version 7.17)
[    0.300709] msgmni has been set to 969
[    0.316202] Block layer SCSI generic (bsg) driver version 0.4 loaded (major 253)
[    0.324348] io scheduler noop registered
[    0.338896] io scheduler deadline registered (default)
[    0.340565] io scheduler cfq registered
[    0.341998] pci_hotplug: PCI Hot Plug PCI Core version: 0.5
[    0.343507] pciehp: PCI Express Hot Plug Controller Driver version: 0.4
[    0.345241] input: Power Button as /devices/LNXSYSTM:00/LNXPWRBN:00/input/input0
[    0.347185] ACPI: Power Button [PWRF]
[    0.369183] ERST: Table is not found!
[    0.370196] GHES: HEST is not enabled!
[    0.371427] ACPI: PCI Interrupt Link [LNKC] enabled at IRQ 10
[    0.372870] virtio-pci 0000:00:03.0: PCI INT A -> Link[LNKC] -> GSI 10 (level, high) -> IRQ 10
[    0.375217] virtio-pci 0000:00:04.0: PCI INT A -> Link[LNKD] -> GSI 11 (level, high) -> IRQ 11
[    0.384217] ACPI: PCI Interrupt Link [LNKA] enabled at IRQ 10
[    0.385646] virtio-pci 0000:00:05.0: PCI INT A -> Link[LNKA] -> GSI 10 (level, high) -> IRQ 10
[    0.390571] Freeing initrd memory: 3628k freed
[    0.392635] Serial: 8250/16550 driver, 32 ports, IRQ sharing enabled
[    0.416007] serial8250: ttyS0 at I/O 0x3f8 (irq = 4) is a 16550A
[    0.439517] serial8250: ttyS1 at I/O 0x2f8 (irq = 3) is a 16550A
[    0.480867] 00:05: ttyS0 at I/O 0x3f8 (irq = 4) is a 16550A
[    0.504093] 00:06: ttyS1 at I/O 0x2f8 (irq = 3) is a 16550A
[    0.505709] hpet_acpi_add: no address or irqs in _CRS
[    0.507012] Linux agpgart interface v0.103
[    0.509413] brd: module loaded
[    0.511069] loop: module loaded
[    0.553301]  vda: unknown partition table
[    0.555681] scsi0 : ata_piix
[    0.556894] scsi1 : ata_piix
[    0.558008] ata1: PATA max MWDMA2 cmd 0x1f0 ctl 0x3f6 bmdma 0xc0a0 irq 14
[    0.560056] ata2: PATA max MWDMA2 cmd 0x170 ctl 0x376 bmdma 0xc0a8 irq 15
[    0.562571] Fixed MDIO Bus: probed
[    0.563821] tun: Universal TUN/TAP device driver, 1.6
[    0.565453] tun: (C) 1999-2004 Max Krasnyansky <maxk@qualcomm.com>
[    0.606919] PPP generic driver version 2.4.2
[    0.608798] ehci_hcd: USB 2.0 'Enhanced' Host Controller (EHCI) Driver
[    0.610742] ohci_hcd: USB 1.1 'Open' Host Controller (OHCI) Driver
[    0.612683] uhci_hcd: USB Universal Host Controller Interface driver
[    0.614602] uhci_hcd 0000:00:01.2: PCI INT D -> Link[LNKD] -> GSI 11 (level, high) -> IRQ 11
[    0.617316] uhci_hcd 0000:00:01.2: UHCI Host Controller
[    0.618863] uhci_hcd 0000:00:01.2: new USB bus registered, assigned bus number 1
[    0.620915] uhci_hcd 0000:00:01.2: irq 11, io base 0x0000c040
[    0.622577] hub 1-0:1.0: USB hub found
[    0.623901] hub 1-0:1.0: 2 ports detected
[    0.625239] usbcore: registered new interface driver libusual
[    0.626851] i8042: PNP: PS/2 Controller [PNP0303:KBD,PNP0f13:MOU] at 0x60,0x64 irq 1,12
[    0.629823] serio: i8042 KBD port at 0x60,0x64 irq 1
[    0.631261] serio: i8042 AUX port at 0x60,0x64 irq 12
[    0.632781] mousedev: PS/2 mouse device common for all mice
[    0.634574] input: AT Translated Set 2 keyboard as /devices/platform/i8042/serio0/input/input1
[    0.637153] rtc_cmos 00:01: RTC can wake from S4
[    0.638649] rtc_cmos 00:01: rtc core: registered rtc_cmos as rtc0
[    0.640265] rtc0: alarms up to one day, 114 bytes nvram
[    0.641760] device-mapper: uevent: version 1.0.3
[    0.643145] device-mapper: ioctl: 4.22.0-ioctl (2011-10-19) initialised: dm-devel@redhat.com
[    0.645423] cpuidle: using governor ladder
[    0.646587] cpuidle: using governor menu
[    0.647666] EFI Variables Facility v0.08 2004-May-17
[    0.649286] TCP cubic registered
[    0.650417] NET: Registered protocol family 10
[    0.652370] NET: Registered protocol family 17
[    0.653608] Registering the dns_resolver key type
[    0.655025] registered taskstats version 1
[    0.659368]   Magic number: 10:298:643
[    0.660599] rtc_cmos 00:01: setting system clock to 2014-08-12 17:38:24 UTC (1407865104)
[    0.662832] BIOS EDD facility v0.16 2004-Jun-25, 0 devices found
[    0.664414] EDD information not available.
[    0.720786] ata2.01: ATAPI: QEMU DVD-ROM, 1.0, max UDMA/100
[    0.723201] ata2.01: configured for MWDMA2
[    0.725346] scsi 1:0:1:0: CD-ROM            QEMU     QEMU DVD-ROM     1.0  PQ: 0 ANSI: 5
[    0.728340] sr0: scsi3-mmc drive: 4x/4x cd/rw xa/form2 tray
[    0.729973] cdrom: Uniform CD-ROM driver Revision: 3.20
[    0.731643] sr 1:0:1:0: Attached scsi generic sg0 type 5
[    0.734904] Freeing unused kernel memory: 924k freed
[    0.736623] Write protecting the kernel read-only data: 12288k
[    0.743747] Freeing unused kernel memory: 1632k freed
[    0.750120] Freeing unused kernel memory: 1200k freed

info: initramfs: up at 0.75
info: copying initramfs to /dev/vda
info: initramfs loading root from /dev/vda
info: /etc/init.d/rc.sysinit: up at 4.88
Starting logging: OK
Initializing random number generator... done.
Starting acpid: OK
cirros-ds 'local' up at 5.18
found datasource (configdrive, local)
Starting network...
udhcpc (v1.20.1) started
Sending discover...
Sending select for 10.16.40.2...
Lease of 10.16.40.2 obtained, lease time 86400
deleting routers
route: SIOCDELRT: No such process
adding dns 10.16.40.3
Starting dropbear sshd: generating rsa key... generating dsa key... OK
no userdata for datasource
=== network info ===
if-info: lo,up,127.0.0.1,8,::1
if-info: eth0,up,10.16.40.2,24,fe80::f816:3eff:fe5b:364f
ip-route:default via 10.16.40.1 dev eth0 
ip-route:10.16.40.0/24 dev eth0  src 10.16.40.2 
=== datasource: configdrive local ===
instance-id: c4b9a103-7ddd-420f-aad1-ae05fd2bbe14
name: Tenant1-DB1
availability-zone: nova
local-hostname: tenant1-db1.novalocal
launch-index: 0
=== cirros: current=0.3.1 uptime=6.87 ===
=== pinging gateway failed, debugging connection ===
############ debug start ##############
### /etc/init.d/sshd start
Starting dropbear sshd: OK
### ifconfig -a
eth0      Link encap:Ethernet  HWaddr FA:16:3E:5B:36:4F  
          inet addr:10.16.40.2  Bcast:10.16.40.255  Mask:255.255.255.0
          inet6 addr: fe80::f816:3eff:fe5b:364f/64 Scope:Link
          UP BROADCAST RUNNING MULTICAST  MTU:1500  Metric:1
          RX packets:23 errors:0 dropped:1 overruns:0 frame:0
          TX packets:15 errors:0 dropped:0 overruns:0 carrier:0
          collisions:0 txqueuelen:1000 
          RX bytes:2422 (2.3 KiB)  TX bytes:1572 (1.5 KiB)

lo        Link encap:Local Loopback  
          inet addr:127.0.0.1  Mask:255.0.0.0
          inet6 addr: ::1/128 Scope:Host
          UP LOOPBACK RUNNING  MTU:16436  Metric:1
          RX packets:1 errors:0 dropped:0 overruns:0 frame:0
          TX packets:1 errors:0 dropped:0 overruns:0 carrier:0
          collisions:0 txqueuelen:0 
          RX bytes:112 (112.0 B)  TX bytes:112 (112.0 B)

### route -n
Kernel IP routing table
Destination     Gateway         Genmask         Flags Metric Ref    Use Iface
0.0.0.0         10.16.40.1      0.0.0.0         UG    0      0        0 eth0
10.16.40.0      0.0.0.0         255.255.255.0   U     0      0        0 eth0
### cat /etc/resolv.conf
search openstacklocal
nameserver 10.16.40.3
### ping -c 5 10.16.40.1
PING 10.16.40.1 (10.16.40.1): 56 data bytes

--- 10.16.40.1 ping statistics ---
5 packets transmitted, 0 packets received, 100% packet loss
### pinging nameservers
#### ping -c 5 10.16.40.3
PING 10.16.40.3 (10.16.40.3): 56 data bytes
64 bytes from 10.16.40.3: seq=0 ttl=64 time=0.592 ms
64 bytes from 10.16.40.3: seq=1 ttl=64 time=0.313 ms
64 bytes from 10.16.40.3: seq=2 ttl=64 time=0.309 ms
64 bytes from 10.16.40.3: seq=3 ttl=64 time=0.291 ms
64 bytes from 10.16.40.3: seq=4 ttl=64 time=0.284 ms

--- 10.16.40.3 ping statistics ---
5 packets transmitted, 5 packets received, 0% packet loss
round-trip min/avg/max = 0.284/0.357/0.592 ms
### uname -a
Linux cirros 3.2.0-37-virtual #58-Ubuntu SMP Thu Jan 24 15:48:03 UTC 2013 x86_64 GNU/Linux
### lsmod
Module                  Size  Used by    Not tainted
nls_iso8859_1          12713  0 
nls_cp437              16991  0 
vfat                   17585  0 
fat                    61512  1 vfat
isofs                  40257  0 
ip_tables              27473  0 
x_tables               29891  1 ip_tables
pcnet32                42119  0 
8139cp                 27409  0 
ne2k_pci               13691  0 
8390                   18856  1 ne2k_pci
e1000                 108589  0 
acpiphp                24231  0 
### dmesg | tail
[    0.872026] ISO 9660 Extensions: RRIP_1991A
[    0.936116] usb 1-1: new full-speed USB device number 2 using uhci_hcd
[    0.992414] kjournald starting.  Commit interval 5 seconds
[    1.100832] EXT3-fs (vda): using internal journal
[    1.100838] EXT3-fs (vda): mounted filesystem with ordered data mode
[    1.212102] Refined TSC clocksource calibration: 2000.072 MHz.
[    4.889162] EXT3-fs (vda): using internal journal
[    5.297252] ISO 9660 Extensions: Microsoft Joliet Level 3
[    5.326576] ISO 9660 Extensions: RRIP_1991A
[   15.984158] eth0: no IPv6 routers present
### tail -n 25 /var/log/messages
Aug 12 11:38:28 cirros kern.info kernel: [    0.760508] acpiphp: Slot [27] registered
Aug 12 11:38:28 cirros kern.info kernel: [    0.760524] acpiphp: Slot [28] registered
Aug 12 11:38:28 cirros kern.info kernel: [    0.760542] acpiphp: Slot [29] registered
Aug 12 11:38:28 cirros kern.info kernel: [    0.760558] acpiphp: Slot [30] registered
Aug 12 11:38:28 cirros kern.info kernel: [    0.760574] acpiphp: Slot [31] registered
Aug 12 11:38:28 cirros kern.info kernel: [    0.762961] e1000: Intel(R) PRO/1000 Network Driver - version 7.3.21-k8-NAPI
Aug 12 11:38:28 cirros kern.info kernel: [    0.762965] e1000: Copyright (c) 1999-2006 Intel Corporation.
Aug 12 11:38:28 cirros kern.info kernel: [    0.763891] ne2k-pci.c:v1.03 9/22/2003 D. Becker/P. Gortmaker
Aug 12 11:38:28 cirros kern.info kernel: [    0.764798] 8139cp: 8139cp: 10/100 PCI Ethernet driver v1.3 (Mar 22, 2004)
Aug 12 11:38:28 cirros kern.info kernel: [    0.765741] pcnet32: pcnet32.c:v1.35 21.Apr.2008 tsbogend@alpha.franken.de
Aug 12 11:38:28 cirros kern.info kernel: [    0.767029] ip_tables: (C) 2000-2006 Netfilter Core Team
Aug 12 11:38:28 cirros kern.info kernel: [    0.789197] kjournald starting.  Commit interval 5 seconds
Aug 12 11:38:28 cirros kern.info kernel: [    0.789223] EXT3-fs (vda): mounted filesystem with ordered data mode
Aug 12 11:38:28 cirros kern.debug kernel: [    0.853444] ISO 9660 Extensions: Microsoft Joliet Level 3
Aug 12 11:38:28 cirros kern.debug kernel: [    0.872026] ISO 9660 Extensions: RRIP_1991A
Aug 12 11:38:28 cirros kern.info kernel: [    0.936116] usb 1-1: new full-speed USB device number 2 using uhci_hcd
Aug 12 11:38:28 cirros kern.info kernel: [    0.992414] kjournald starting.  Commit interval 5 seconds
Aug 12 11:38:28 cirros kern.info kernel: [    1.100832] EXT3-fs (vda): using internal journal
Aug 12 11:38:28 cirros kern.info kernel: [    1.100838] EXT3-fs (vda): mounted filesystem with ordered data mode
Aug 12 11:38:28 cirros kern.info kernel: [    1.212102] Refined TSC clocksource calibration: 2000.072 MHz.
Aug 12 11:38:28 cirros kern.info kernel: [    4.889162] EXT3-fs (vda): using internal journal
Aug 12 11:38:29 cirros kern.debug kernel: [    5.297252] ISO 9660 Extensions: Microsoft Joliet Level 3
Aug 12 11:38:29 cirros kern.debug kernel: [    5.326576] ISO 9660 Extensions: RRIP_1991A
Aug 12 11:38:30 cirros authpriv.info dropbear[251]: Running in background
Aug 12 11:38:39 cirros kern.debug kernel: [   15.984158] eth0: no IPv6 routers present
############ debug end   ##############
  ____               ____  ____
 / __/ __ ____ ____ / __ \/ __/
/ /__ / // __// __// /_/ /\ \ 
\___//_//_/  /_/   \____/___/ 
   http://cirros-cloud.net


login as 'cirros' user. default password: 'cubswin:)'. use 'sudo' for root.
cirros login: 