[    0.000000] Initializing cgroup subsys cpuset
[    0.000000] Initializing cgroup subsys cpu
[    0.000000] Linux version 3.2.0-37-virtual (buildd@allspice) (gcc version 4.6.3 (Ubuntu/Linaro 4.6.3-1ubuntu5) ) #58-Ubuntu SMP Thu Jan 24 15:48:03 UTC 2013 (Ubuntu 3.2.0-37.58-virtual 3.2.35)
[    0.000000] Command line: root=/dev/vda console=tty0 console=ttyS0
[    0.000000] KERNEL supported cpus:
[    0.000000]   Intel GenuineIntel
[    0.000000]   AMD AuthenticAMD
[    0.000000]   Centaur CentaurHauls
[    0.000000] BIOS-provided physical RAM map:
[    0.000000]  BIOS-e820: 0000000000000000 - 000000000009dc00 (usable)
[    0.000000]  BIOS-e820: 000000000009dc00 - 00000000000a0000 (reserved)
[    0.000000]  BIOS-e820: 00000000000f0000 - 0000000000100000 (reserved)
[    0.000000]  BIOS-e820: 0000000000100000 - 000000001fffd000 (usable)
[    0.000000]  BIOS-e820: 000000001fffd000 - 0000000020000000 (reserved)
[    0.000000]  BIOS-e820: 00000000feffc000 - 00000000ff000000 (reserved)
[    0.000000]  BIOS-e820: 00000000fffc0000 - 0000000100000000 (reserved)
[    0.000000] NX (Execute Disable) protection: active
[    0.000000] DMI 2.4 present.
[    0.000000] No AGP bridge found
[    0.000000] last_pfn = 0x1fffd max_arch_pfn = 0x400000000
[    0.000000] x86 PAT enabled: cpu 0, old 0x70406, new 0x7010600070106
[    0.000000] found SMP MP-table at [ffff8800000fdaf0] fdaf0
[    0.000000] Using GB pages for direct mapping
[    0.000000] init_memory_mapping: 0000000000000000-000000001fffd000
[    0.000000] RAMDISK: 1fc65000 - 1fff0000
[    0.000000] ACPI: RSDP 00000000000fd950 00014 (v00 BOCHS )
[    0.000000] ACPI: RSDT 000000001fffd7b0 00034 (v01 BOCHS  BXPCRSDT 00000001 BXPC 00000001)
[    0.000000] ACPI: FACP 000000001fffff80 00074 (v01 BOCHS  BXPCFACP 00000001 BXPC 00000001)
[    0.000000] ACPI: DSDT 000000001fffd9b0 02589 (v01   BXPC   BXDSDT 00000001 INTL 20100528)
[    0.000000] ACPI: FACS 000000001fffff40 00040
[    0.000000] ACPI: SSDT 000000001fffd910 0009E (v01 BOCHS  BXPCSSDT 00000001 BXPC 00000001)
[    0.000000] ACPI: APIC 000000001fffd830 00072 (v01 BOCHS  BXPCAPIC 00000001 BXPC 00000001)
[    0.000000] ACPI: HPET 000000001fffd7f0 00038 (v01 BOCHS  BXPCHPET 00000001 BXPC 00000001)
[    0.000000] No NUMA configuration found
[    0.000000] Faking a node at 0000000000000000-000000001fffd000
[    0.000000] Initmem setup node 0 0000000000000000-000000001fffd000
[    0.000000]   NODE_DATA [000000001fff5000 - 000000001fff9fff]
[    0.000000] kvm-clock: Using msrs 4b564d01 and 4b564d00
[    0.000000] kvm-clock: cpu 0, msr 0:1cf7681, boot clock
[    0.000000] Zone PFN ranges:
[    0.000000]   DMA      0x00000010 -> 0x00001000
[    0.000000]   DMA32    0x00001000 -> 0x00100000
[    0.000000]   Normal   empty
[    0.000000] Movable zone start PFN for each node
[    0.000000] early_node_map[2] active PFN ranges
[    0.000000]     0: 0x00000010 -> 0x0000009d
[    0.000000]     0: 0x00000100 -> 0x0001fffd
[    0.000000] ACPI: PM-Timer IO Port: 0xb008
[    0.000000] ACPI: LAPIC (acpi_id[0x00] lapic_id[0x00] enabled)
[    0.000000] ACPI: IOAPIC (id[0x01] address[0xfec00000] gsi_base[0])
[    0.000000] IOAPIC[0]: apic_id 1, version 17, address 0xfec00000, GSI 0-23
[    0.000000] ACPI: INT_SRC_OVR (bus 0 bus_irq 0 global_irq 2 dfl dfl)
[    0.000000] ACPI: INT_SRC_OVR (bus 0 bus_irq 5 global_irq 5 high level)
[    0.000000] ACPI: INT_SRC_OVR (bus 0 bus_irq 9 global_irq 9 high level)
[    0.000000] ACPI: INT_SRC_OVR (bus 0 bus_irq 10 global_irq 10 high level)
[    0.000000] ACPI: INT_SRC_OVR (bus 0 bus_irq 11 global_irq 11 high level)
[    0.000000] Using ACPI (MADT) for SMP configuration information
[    0.000000] ACPI: HPET id: 0x8086a201 base: 0xfed00000
[    0.000000] SMP: Allowing 1 CPUs, 0 hotplug CPUs
[    0.000000] PM: Registered nosave memory: 000000000009d000 - 000000000009e000
[    0.000000] PM: Registered nosave memory: 000000000009e000 - 00000000000a0000
[    0.000000] PM: Registered nosave memory: 00000000000a0000 - 00000000000f0000
[    0.000000] PM: Registered nosave memory: 00000000000f0000 - 0000000000100000
[    0.000000] Allocating PCI resources starting at 20000000 (gap: 20000000:deffc000)
[    0.000000] Booting paravirtualized kernel on KVM
[    0.000000] setup_percpu: NR_CPUS:64 nr_cpumask_bits:64 nr_cpu_ids:1 nr_node_ids:1
[    0.000000] PERCPU: Embedded 28 pages/cpu @ffff88001fa00000 s82880 r8192 d23616 u2097152
[    0.000000] kvm-clock: cpu 0, msr 0:1fa13681, primary cpu clock
[    0.000000] KVM setup async PF for cpu 0
[    0.000000] kvm-stealtime: cpu 0, msr 1fa0dd40
[    0.000000] Built 1 zonelists in Node order, mobility grouping on.  Total pages: 128901
[    0.000000] Policy zone: DMA32
[    0.000000] Kernel command line: root=/dev/vda console=tty0 console=ttyS0
[    0.000000] PID hash table entries: 2048 (order: 2, 16384 bytes)
[    0.000000] Checking aperture...
[    0.000000] No AGP bridge found
[    0.000000] Memory: 496112k/524276k available (6541k kernel code, 460k absent, 27704k reserved, 6652k data, 924k init)
[    0.000000] SLUB: Genslabs=15, HWalign=64, Order=0-3, MinObjects=0, CPUs=1, Nodes=1
[    0.000000] Hierarchical RCU implementation.
[    0.000000] 	RCU dyntick-idle grace-period acceleration is enabled.
[    0.000000] NR_IRQS:4352 nr_irqs:256 16
[    0.000000] Console: colour VGA+ 80x25
[    0.000000] console [tty0] enabled
[    0.000000] console [ttyS0] enabled
[    0.000000] allocated 4194304 bytes of page_cgroup
[    0.000000] please try 'cgroup_disable=memory' option if you don't want memory cgroups
[    0.000000] Detected 2000.068 MHz processor.
[    0.008000] Calibrating delay loop (skipped) preset value.. 4000.13 BogoMIPS (lpj=8000272)
[    0.008000] pid_max: default: 32768 minimum: 301
[    0.008026] Security Framework initialized
[    0.009153] AppArmor: AppArmor initialized
[    0.010258] Yama: becoming mindful.
[    0.011331] Dentry cache hash table entries: 65536 (order: 7, 524288 bytes)
[    0.012136] Inode-cache hash table entries: 32768 (order: 6, 262144 bytes)
[    0.013838] Mount-cache hash table entries: 256
[    0.016155] Initializing cgroup subsys cpuacct
[    0.017334] Initializing cgroup subsys memory
[    0.018495] Initializing cgroup subsys devices
[    0.020007] Initializing cgroup subsys freezer
[    0.021191] Initializing cgroup subsys blkio
[    0.022336] Initializing cgroup subsys perf_event
[    0.023648] mce: CPU supports 10 MCE banks
[    0.024283] SMP alternatives: switching to UP code
[    0.045581] Freeing SMP alternatives: 24k freed
[    0.046781] ACPI: Core revision 20110623
[    0.049365] ftrace: allocating 27027 entries in 106 pages
[    0.056156] ..TIMER: vector=0x30 apic1=0 pin1=2 apic2=-1 pin2=-1
[    0.057615] CPU0: Intel(R) Core(TM)2 Duo CPU     T7700  @ 2.40GHz stepping 0b
[    0.060003] Performance Events: unsupported p6 CPU model 15 no PMU driver, software events only.
[    0.060003] NMI watchdog disabled (cpu0): hardware events not enabled
[    0.060037] Brought up 1 CPUs
[    0.060933] Total of 1 processors activated (4000.13 BogoMIPS).
[    0.063122] devtmpfs: initialized
[    0.064948] EVM: security.selinux
[    0.065891] EVM: security.SMACK64
[    0.066825] EVM: security.capability
[    0.068921] print_constraints: dummy: 
[    0.070032] RTC time: 17:37:52, date: 08/12/14
[    0.071236] NET: Registered protocol family 16
[    0.072162] ACPI: bus type pci registered
[    0.073371] PCI: Using configuration type 1 for base access
[    0.076195] bio: create slab <bio-0> at 0
[    0.077439] ACPI: Added _OSI(Module Device)
[    0.078548] ACPI: Added _OSI(Processor Device)
[    0.079696] ACPI: Added _OSI(3.0 _SCP Extensions)
[    0.080008] ACPI: Added _OSI(Processor Aggregator Device)
[    0.085136] ACPI: Interpreter enabled
[    0.088010] ACPI: (supports S0 S3 S4 S5)
[    0.089821] ACPI: Using IOAPIC for interrupt routing
[    0.097399] ACPI: No dock devices found.
[    0.098455] HEST: Table not found.
[    0.099390] PCI: Ignoring host bridge windows from ACPI; if necessary, use "pci=use_crs" and report a bug
[    0.100029] ACPI: PCI Root Bridge [PCI0] (domain 0000 [bus 00-ff])
[    0.106163] pci 0000:00:01.3: quirk: [io  0xb000-0xb03f] claimed by PIIX4 ACPI
[    0.108022] pci 0000:00:01.3: quirk: [io  0xb100-0xb10f] claimed by PIIX4 SMB
[    0.119763]  pci0000:00: Unable to request _OSC control (_OSC support mask: 0x1e)
[    0.125922] ACPI: PCI Interrupt Link [LNKA] (IRQs 5 *10 11)
[    0.127844] ACPI: PCI Interrupt Link [LNKB] (IRQs 5 *10 11)
[    0.128989] ACPI: PCI Interrupt Link [LNKC] (IRQs 5 10 *11)
[    0.130903] ACPI: PCI Interrupt Link [LNKD] (IRQs 5 10 *11)
[    0.132989] ACPI: PCI Interrupt Link [LNKS] (IRQs 9) *0
[    0.134843] vgaarb: device added: PCI:0000:00:02.0,decodes=io+mem,owns=io+mem,locks=none
[    0.136012] vgaarb: loaded
[    0.136818] vgaarb: bridge control possible 0000:00:02.0
[    0.138224] i2c-core: driver [aat2870] using legacy suspend method
[    0.140011] i2c-core: driver [aat2870] using legacy resume method
[    0.141516] SCSI subsystem initialized
[    0.142639] usbcore: registered new interface driver usbfs
[    0.144027] usbcore: registered new interface driver hub
[    0.145355] usbcore: registered new device driver usb
[    0.148066] PCI: Using ACPI for IRQ routing
[    0.150404] NetLabel: Initializing
[    0.151344] NetLabel:  domain hash size = 128
[    0.152011] NetLabel:  protocols = UNLABELED CIPSOv4
[    0.153242] NetLabel:  unlabeled traffic allowed by default
[    0.154634] Switching to clocksource kvm-clock
[    0.167064] AppArmor: AppArmor Filesystem Enabled
[    0.168689] pnp: PnP ACPI init
[    0.169841] ACPI: bus type pnp registered
[    0.172369] pnp: PnP ACPI: found 8 devices
[    0.173510] ACPI: ACPI bus type pnp unregistered
[    0.181750] NET: Registered protocol family 2
[    0.185227] IP route cache hash table entries: 4096 (order: 3, 32768 bytes)
[    0.187459] TCP established hash table entries: 16384 (order: 6, 262144 bytes)
[    0.189974] TCP bind hash table entries: 16384 (order: 6, 262144 bytes)
[    0.191957] TCP: Hash tables configured (established 16384 bind 16384)
[    0.193579] TCP reno registered
[    0.194484] UDP hash table entries: 256 (order: 1, 8192 bytes)
[    0.195874] UDP-Lite hash table entries: 256 (order: 1, 8192 bytes)
[    0.197430] NET: Registered protocol family 1
[    0.198568] pci 0000:00:00.0: Limiting direct PCI/PCI transfers
[    0.200021] pci 0000:00:01.0: PIIX3: Enabling Passive Release
[    0.201414] pci 0000:00:01.0: Activating ISA DMA hang workarounds
[    0.203004] ACPI: PCI Interrupt Link [LNKD] enabled at IRQ 11
[    0.205559] pci 0000:00:01.2: PCI INT D -> Link[LNKD] -> GSI 11 (level, high) -> IRQ 11
[    0.207629] pci 0000:00:01.2: PCI INT D disabled
[    0.209337] audit: initializing netlink socket (disabled)
[    0.210663] type=2000 audit(1407865073.208:1): initialized
[    0.240181] Trying to unpack rootfs image as initramfs...
[    0.276533] HugeTLB registered 2 MB page size, pre-allocated 0 pages
[    0.288515] VFS: Disk quotas dquot_6.5.2
[    0.289633] Dquot-cache hash table entries: 512 (order 0, 4096 bytes)
[    0.291762] fuse init (API version 7.17)
[    0.292954] msgmni has been set to 969
[    0.312270] Block layer SCSI generic (bsg) driver version 0.4 loaded (major 253)
[    0.314204] io scheduler noop registered
[    0.315249] io scheduler deadline registered (default)
[    0.316613] io scheduler cfq registered
[    0.317755] pci_hotplug: PCI Hot Plug PCI Core version: 0.5
[    0.319127] pciehp: PCI Express Hot Plug Controller Driver version: 0.4
[    0.320876] input: Power Button as /devices/LNXSYSTM:00/LNXPWRBN:00/input/input0
[    0.322773] ACPI: Power Button [PWRF]
[    0.337012] ERST: Table is not found!
[    0.338008] GHES: HEST is not enabled!
[    0.339223] ACPI: PCI Interrupt Link [LNKC] enabled at IRQ 10
[    0.340670] virtio-pci 0000:00:03.0: PCI INT A -> Link[LNKC] -> GSI 10 (level, high) -> IRQ 10
[    0.342979] virtio-pci 0000:00:04.0: PCI INT A -> Link[LNKD] -> GSI 11 (level, high) -> IRQ 11
[    0.345455] ACPI: PCI Interrupt Link [LNKA] enabled at IRQ 10
[    0.346821] virtio-pci 0000:00:05.0: PCI INT A -> Link[LNKA] -> GSI 10 (level, high) -> IRQ 10
[    0.356345] Serial: 8250/16550 driver, 32 ports, IRQ sharing enabled
[    0.380049] serial8250: ttyS0 at I/O 0x3f8 (irq = 4) is a 16550A
[    0.396441] Freeing initrd memory: 3628k freed
[    0.419966] serial8250: ttyS1 at I/O 0x2f8 (irq = 3) is a 16550A
[    0.444440] 00:05: ttyS0 at I/O 0x3f8 (irq = 4) is a 16550A
[    0.467771] 00:06: ttyS1 at I/O 0x2f8 (irq = 3) is a 16550A
[    0.469408] hpet_acpi_add: no address or irqs in _CRS
[    0.470719] Linux agpgart interface v0.103
[    0.473706] brd: module loaded
[    0.475788] loop: module loaded
[    0.573363]  vda: unknown partition table
[    0.575759] scsi0 : ata_piix
[    0.576998] scsi1 : ata_piix
[    0.578126] ata1: PATA max MWDMA2 cmd 0x1f0 ctl 0x3f6 bmdma 0xc0a0 irq 14
[    0.580161] ata2: PATA max MWDMA2 cmd 0x170 ctl 0x376 bmdma 0xc0a8 irq 15
[    0.582596] Fixed MDIO Bus: probed
[    0.583830] tun: Universal TUN/TAP device driver, 1.6
[    0.585478] tun: (C) 1999-2004 Max Krasnyansky <maxk@qualcomm.com>
[    0.628999] PPP generic driver version 2.4.2
[    0.630829] ehci_hcd: USB 2.0 'Enhanced' Host Controller (EHCI) Driver
[    0.632835] ohci_hcd: USB 1.1 'Open' Host Controller (OHCI) Driver
[    0.634672] uhci_hcd: USB Universal Host Controller Interface driver
[    0.636642] uhci_hcd 0000:00:01.2: PCI INT D -> Link[LNKD] -> GSI 11 (level, high) -> IRQ 11
[    0.639322] uhci_hcd 0000:00:01.2: UHCI Host Controller
[    0.640992] uhci_hcd 0000:00:01.2: new USB bus registered, assigned bus number 1
[    0.643484] uhci_hcd 0000:00:01.2: irq 11, io base 0x0000c040
[    0.645526] hub 1-0:1.0: USB hub found
[    0.646973] hub 1-0:1.0: 2 ports detected
[    0.648598] usbcore: registered new interface driver libusual
[    0.650074] i8042: PNP: PS/2 Controller [PNP0303:KBD,PNP0f13:MOU] at 0x60,0x64 irq 1,12
[    0.653013] serio: i8042 KBD port at 0x60,0x64 irq 1
[    0.654323] serio: i8042 AUX port at 0x60,0x64 irq 12
[    0.655778] mousedev: PS/2 mouse device common for all mice
[    0.657617] input: AT Translated Set 2 keyboard as /devices/platform/i8042/serio0/input/input1
[    0.660172] rtc_cmos 00:01: RTC can wake from S4
[    0.661688] rtc_cmos 00:01: rtc core: registered rtc_cmos as rtc0
[    0.663294] rtc0: alarms up to one day, 114 bytes nvram
[    0.664762] device-mapper: uevent: version 1.0.3
[    0.666125] device-mapper: ioctl: 4.22.0-ioctl (2011-10-19) initialised: dm-devel@redhat.com
[    0.668342] cpuidle: using governor ladder
[    0.669478] cpuidle: using governor menu
[    0.670554] EFI Variables Facility v0.08 2004-May-17
[    0.672134] TCP cubic registered
[    0.673246] NET: Registered protocol family 10
[    0.675162] NET: Registered protocol family 17
[    0.676445] Registering the dns_resolver key type
[    0.677834] registered taskstats version 1
[    0.682535]   Magic number: 10:298:643
[    0.683734] rtc_cmos 00:01: setting system clock to 2014-08-12 17:37:52 UTC (1407865072)
[    0.685892] BIOS EDD facility v0.16 2004-Jun-25, 0 devices found
[    0.687402] EDD information not available.
[    0.741033] ata2.01: ATAPI: QEMU DVD-ROM, 1.0, max UDMA/100
[    0.743456] ata2.01: configured for MWDMA2
[    0.751623] scsi 1:0:1:0: CD-ROM            QEMU     QEMU DVD-ROM     1.0  PQ: 0 ANSI: 5
[    0.754288] sr0: scsi3-mmc drive: 4x/4x cd/rw xa/form2 tray
[    0.755789] cdrom: Uniform CD-ROM driver Revision: 3.20
[    0.757489] sr 1:0:1:0: Attached scsi generic sg0 type 5
[    0.760691] Freeing unused kernel memory: 924k freed
[    0.762410] Write protecting the kernel read-only data: 12288k
[    0.770508] Freeing unused kernel memory: 1632k freed
[    0.776138] Freeing unused kernel memory: 1200k freed

info: initramfs: up at 0.78
info: copying initramfs to /dev/vda
info: initramfs loading root from /dev/vda
info: /etc/init.d/rc.sysinit: up at 2.49
Starting logging: OK
Initializing random number generator... done.
Starting acpid: OK
cirros-ds 'local' up at 2.55
found datasource (configdrive, local)
Starting network...
udhcpc (v1.20.1) started
Sending discover...
Sending select for 10.16.20.2...
Lease of 10.16.20.2 obtained, lease time 86400
deleting routers
route: SIOCDELRT: No such process
adding dns 10.16.20.3
Starting dropbear sshd: generating rsa key... generating dsa key... OK
no userdata for datasource
=== network info ===
if-info: lo,up,127.0.0.1,8,::1
if-info: eth0,up,10.16.20.2,24,fe80::f816:3eff:fe95:1ef0
ip-route:default via 10.16.20.1 dev eth0 
ip-route:10.16.20.0/24 dev eth0  src 10.16.20.2 
=== datasource: configdrive local ===
instance-id: a87788a0-e51d-4e4a-8fbc-6fd4c58ab00e
name: Tenant1-WEB1
availability-zone: nova
local-hostname: tenant1-web1.novalocal
launch-index: 0
=== cirros: current=0.3.1 uptime=3.03 ===
=== pinging gateway failed, debugging connection ===
############ debug start ##############
### /etc/init.d/sshd start
Starting dropbear sshd: OK
### ifconfig -a
eth0      Link encap:Ethernet  HWaddr FA:16:3E:95:1E:F0  
          inet addr:10.16.20.2  Bcast:10.16.20.255  Mask:255.255.255.0
          inet6 addr: fe80::f816:3eff:fe95:1ef0/64 Scope:Link
          UP BROADCAST RUNNING MULTICAST  MTU:1500  Metric:1
          RX packets:21 errors:0 dropped:1 overruns:0 frame:0
          TX packets:14 errors:0 dropped:0 overruns:0 carrier:0
          collisions:0 txqueuelen:1000 
          RX bytes:2262 (2.2 KiB)  TX bytes:1530 (1.4 KiB)

lo        Link encap:Local Loopback  
          inet addr:127.0.0.1  Mask:255.0.0.0
          inet6 addr: ::1/128 Scope:Host
          UP LOOPBACK RUNNING  MTU:16436  Metric:1
          RX packets:1 errors:0 dropped:0 overruns:0 frame:0
          TX packets:1 errors:0 dropped:0 overruns:0 carrier:0
          collisions:0 txqueuelen:0 
          RX bytes:112 (112.0 B)  TX bytes:112 (112.0 B)

### route -n
Kernel IP routing table
Destination     Gateway         Genmask         Flags Metric Ref    Use Iface
0.0.0.0         10.16.20.1      0.0.0.0         UG    0      0        0 eth0
10.16.20.0      0.0.0.0         255.255.255.0   U     0      0        0 eth0
### cat /etc/resolv.conf
search openstacklocal
nameserver 10.16.20.3
### ping -c 5 10.16.20.1
PING 10.16.20.1 (10.16.20.1): 56 data bytes

--- 10.16.20.1 ping statistics ---
5 packets transmitted, 0 packets received, 100% packet loss
### pinging nameservers
#### ping -c 5 10.16.20.3
PING 10.16.20.3 (10.16.20.3): 56 data bytes
64 bytes from 10.16.20.3: seq=0 ttl=64 time=0.439 ms
64 bytes from 10.16.20.3: seq=1 ttl=64 time=0.246 ms
64 bytes from 10.16.20.3: seq=2 ttl=64 time=0.236 ms
64 bytes from 10.16.20.3: seq=3 ttl=64 time=0.319 ms
64 bytes from 10.16.20.3: seq=4 ttl=64 time=0.320 ms

--- 10.16.20.3 ping statistics ---
5 packets transmitted, 5 packets received, 0% packet loss
round-trip min/avg/max = 0.236/0.312/0.439 ms
### uname -a
Linux cirros 3.2.0-37-virtual #58-Ubuntu SMP Thu Jan 24 15:48:03 UTC 2013 x86_64 GNU/Linux
### lsmod
Module                  Size  Used by    Not tainted
nls_iso8859_1          12713  0 
nls_cp437              16991  0 
vfat                   17585  0 
fat                    61512  1 vfat
isofs                  40257  0 
ip_tables              27473  0 
x_tables               29891  1 ip_tables
pcnet32                42119  0 
8139cp                 27409  0 
ne2k_pci               13691  0 
8390                   18856  1 ne2k_pci
e1000                 108589  0 
acpiphp                24231  0 
### dmesg | tail
[    0.850642] ISO 9660 Extensions: RRIP_1991A
[    0.960099] usb 1-1: new full-speed USB device number 2 using uhci_hcd
[    0.982554] kjournald starting.  Commit interval 5 seconds
[    1.035099] EXT3-fs (vda): using internal journal
[    1.035104] EXT3-fs (vda): mounted filesystem with ordered data mode
[    1.208086] Refined TSC clocksource calibration: 2000.071 MHz.
[    2.494017] EXT3-fs (vda): using internal journal
[    2.600979] ISO 9660 Extensions: Microsoft Joliet Level 3
[    2.603543] ISO 9660 Extensions: RRIP_1991A
[   13.600146] eth0: no IPv6 routers present
### tail -n 25 /var/log/messages
Aug 12 11:37:54 cirros kern.info kernel: [    0.784967] acpiphp: Slot [27] registered
Aug 12 11:37:54 cirros kern.info kernel: [    0.784984] acpiphp: Slot [28] registered
Aug 12 11:37:54 cirros kern.info kernel: [    0.785007] acpiphp: Slot [29] registered
Aug 12 11:37:54 cirros kern.info kernel: [    0.785025] acpiphp: Slot [30] registered
Aug 12 11:37:54 cirros kern.info kernel: [    0.785041] acpiphp: Slot [31] registered
Aug 12 11:37:54 cirros kern.info kernel: [    0.787581] e1000: Intel(R) PRO/1000 Network Driver - version 7.3.21-k8-NAPI
Aug 12 11:37:54 cirros kern.info kernel: [    0.787584] e1000: Copyright (c) 1999-2006 Intel Corporation.
Aug 12 11:37:54 cirros kern.info kernel: [    0.788564] ne2k-pci.c:v1.03 9/22/2003 D. Becker/P. Gortmaker
Aug 12 11:37:54 cirros kern.info kernel: [    0.789424] 8139cp: 8139cp: 10/100 PCI Ethernet driver v1.3 (Mar 22, 2004)
Aug 12 11:37:54 cirros kern.info kernel: [    0.790392] pcnet32: pcnet32.c:v1.35 21.Apr.2008 tsbogend@alpha.franken.de
Aug 12 11:37:54 cirros kern.info kernel: [    0.791760] ip_tables: (C) 2000-2006 Netfilter Core Team
Aug 12 11:37:54 cirros kern.info kernel: [    0.819933] kjournald starting.  Commit interval 5 seconds
Aug 12 11:37:54 cirros kern.info kernel: [    0.819945] EXT3-fs (vda): mounted filesystem with ordered data mode
Aug 12 11:37:54 cirros kern.debug kernel: [    0.847429] ISO 9660 Extensions: Microsoft Joliet Level 3
Aug 12 11:37:54 cirros kern.debug kernel: [    0.850642] ISO 9660 Extensions: RRIP_1991A
Aug 12 11:37:54 cirros kern.info kernel: [    0.960099] usb 1-1: new full-speed USB device number 2 using uhci_hcd
Aug 12 11:37:54 cirros kern.info kernel: [    0.982554] kjournald starting.  Commit interval 5 seconds
Aug 12 11:37:54 cirros kern.info kernel: [    1.035099] EXT3-fs (vda): using internal journal
Aug 12 11:37:54 cirros kern.info kernel: [    1.035104] EXT3-fs (vda): mounted filesystem with ordered data mode
Aug 12 11:37:54 cirros kern.info kernel: [    1.208086] Refined TSC clocksource calibration: 2000.071 MHz.
Aug 12 11:37:54 cirros kern.info kernel: [    2.494017] EXT3-fs (vda): using internal journal
Aug 12 11:37:54 cirros kern.debug kernel: [    2.600979] ISO 9660 Extensions: Microsoft Joliet Level 3
Aug 12 11:37:54 cirros kern.debug kernel: [    2.603543] ISO 9660 Extensions: RRIP_1991A
Aug 12 11:37:54 cirros authpriv.info dropbear[251]: Running in background
Aug 12 11:38:05 cirros kern.debug kernel: [   13.600146] eth0: no IPv6 routers present
############ debug end   ##############
  ____               ____  ____
 / __/ __ ____ ____ / __ \/ __/
/ /__ / // __// __// /_/ /\ \ 
\___//_//_/  /_/   \____/___/ 
   http://cirros-cloud.net


login as 'cirros' user. default password: 'cubswin:)'. use 'sudo' for root.
cirros login: The system is going down NOW!
Sent SIGTERM to all processes
Sent SIGKILL to all processes
Requesting system reboot
[87349.243795] Disabling non-boot CPUs ...
[87349.245279] Restarting system.
[87349.246454] machine restart
[    0.000000] Initializing cgroup subsys cpuset
[    0.000000] Initializing cgroup subsys cpu
[    0.000000] Linux version 3.2.0-37-virtual (buildd@allspice) (gcc version 4.6.3 (Ubuntu/Linaro 4.6.3-1ubuntu5) ) #58-Ubuntu SMP Thu Jan 24 15:48:03 UTC 2013 (Ubuntu 3.2.0-37.58-virtual 3.2.35)
[    0.000000] Command line: root=/dev/vda console=tty0 console=ttyS0
[    0.000000] KERNEL supported cpus:
[    0.000000]   Intel GenuineIntel
[    0.000000]   AMD AuthenticAMD
[    0.000000]   Centaur CentaurHauls
[    0.000000] BIOS-provided physical RAM map:
[    0.000000]  BIOS-e820: 0000000000000000 - 000000000009dc00 (usable)
[    0.000000]  BIOS-e820: 000000000009dc00 - 00000000000a0000 (reserved)
[    0.000000]  BIOS-e820: 00000000000f0000 - 0000000000100000 (reserved)
[    0.000000]  BIOS-e820: 0000000000100000 - 000000001fffd000 (usable)
[    0.000000]  BIOS-e820: 000000001fffd000 - 0000000020000000 (reserved)
[    0.000000]  BIOS-e820: 00000000feffc000 - 00000000ff000000 (reserved)
[    0.000000]  BIOS-e820: 00000000fffc0000 - 0000000100000000 (reserved)
[    0.000000] NX (Execute Disable) protection: active
[    0.000000] DMI 2.4 present.
[    0.000000] No AGP bridge found
[    0.000000] last_pfn = 0x1fffd max_arch_pfn = 0x400000000
[    0.000000] x86 PAT enabled: cpu 0, old 0x70406, new 0x7010600070106
[    0.000000] found SMP MP-table at [ffff8800000fdaf0] fdaf0
[    0.000000] Using GB pages for direct mapping
[    0.000000] init_memory_mapping: 0000000000000000-000000001fffd000
[    0.000000] RAMDISK: 1fc65000 - 1fff0000
[    0.000000] ACPI: RSDP 00000000000fd950 00014 (v00 BOCHS )
[    0.000000] ACPI: RSDT 000000001fffd7b0 00034 (v01 BOCHS  BXPCRSDT 00000001 BXPC 00000001)
[    0.000000] ACPI: FACP 000000001fffff80 00074 (v01 BOCHS  BXPCFACP 00000001 BXPC 00000001)
[    0.000000] ACPI: DSDT 000000001fffd9b0 02589 (v01   BXPC   BXDSDT 00000001 INTL 20100528)
[    0.000000] ACPI: FACS 000000001fffff40 00040
[    0.000000] ACPI: SSDT 000000001fffd910 0009E (v01 BOCHS  BXPCSSDT 00000001 BXPC 00000001)
[    0.000000] ACPI: APIC 000000001fffd830 00072 (v01 BOCHS  BXPCAPIC 00000001 BXPC 00000001)
[    0.000000] ACPI: HPET 000000001fffd7f0 00038 (v01 BOCHS  BXPCHPET 00000001 BXPC 00000001)
[    0.000000] No NUMA configuration found
[    0.000000] Faking a node at 0000000000000000-000000001fffd000
[    0.000000] Initmem setup node 0 0000000000000000-000000001fffd000
[    0.000000]   NODE_DATA [000000001fff5000 - 000000001fff9fff]
[    0.000000] kvm-clock: Using msrs 4b564d01 and 4b564d00
[    0.000000] kvm-clock: cpu 0, msr 0:1cf7681, boot clock
[    0.000000] Zone PFN ranges:
[    0.000000]   DMA      0x00000010 -> 0x00001000
[    0.000000]   DMA32    0x00001000 -> 0x00100000
[    0.000000]   Normal   empty
[    0.000000] Movable zone start PFN for each node
[    0.000000] early_node_map[2] active PFN ranges
[    0.000000]     0: 0x00000010 -> 0x0000009d
[    0.000000]     0: 0x00000100 -> 0x0001fffd
[    0.000000] ACPI: PM-Timer IO Port: 0xb008
[    0.000000] ACPI: LAPIC (acpi_id[0x00] lapic_id[0x00] enabled)
[    0.000000] ACPI: IOAPIC (id[0x01] address[0xfec00000] gsi_base[0])
[    0.000000] IOAPIC[0]: apic_id 1, version 17, address 0xfec00000, GSI 0-23
[    0.000000] ACPI: INT_SRC_OVR (bus 0 bus_irq 0 global_irq 2 dfl dfl)
[    0.000000] ACPI: INT_SRC_OVR (bus 0 bus_irq 5 global_irq 5 high level)
[    0.000000] ACPI: INT_SRC_OVR (bus 0 bus_irq 9 global_irq 9 high level)
[    0.000000] ACPI: INT_SRC_OVR (bus 0 bus_irq 10 global_irq 10 high level)
[    0.000000] ACPI: INT_SRC_OVR (bus 0 bus_irq 11 global_irq 11 high level)
[    0.000000] Using ACPI (MADT) for SMP configuration information
[    0.000000] ACPI: HPET id: 0x8086a201 base: 0xfed00000
[    0.000000] SMP: Allowing 1 CPUs, 0 hotplug CPUs
[    0.000000] PM: Registered nosave memory: 000000000009d000 - 000000000009e000
[    0.000000] PM: Registered nosave memory: 000000000009e000 - 00000000000a0000
[    0.000000] PM: Registered nosave memory: 00000000000a0000 - 00000000000f0000
[    0.000000] PM: Registered nosave memory: 00000000000f0000 - 0000000000100000
[    0.000000] Allocating PCI resources starting at 20000000 (gap: 20000000:deffc000)
[    0.000000] Booting paravirtualized kernel on KVM
[    0.000000] setup_percpu: NR_CPUS:64 nr_cpumask_bits:64 nr_cpu_ids:1 nr_node_ids:1
[    0.000000] PERCPU: Embedded 28 pages/cpu @ffff88001fa00000 s82880 r8192 d23616 u2097152
[    0.000000] kvm-clock: cpu 0, msr 0:1fa13681, primary cpu clock
[    0.000000] KVM setup async PF for cpu 0
[    0.000000] kvm-stealtime: cpu 0, msr 1fa0dd40
[    0.000000] Built 1 zonelists in Node order, mobility grouping on.  Total pages: 128901
[    0.000000] Policy zone: DMA32
[    0.000000] Kernel command line: root=/dev/vda console=tty0 console=ttyS0
[    0.000000] PID hash table entries: 2048 (order: 2, 16384 bytes)
[    0.000000] Checking aperture...
[    0.000000] No AGP bridge found
[    0.000000] Memory: 496112k/524276k available (6541k kernel code, 460k absent, 27704k reserved, 6652k data, 924k init)
[    0.000000] SLUB: Genslabs=15, HWalign=64, Order=0-3, MinObjects=0, CPUs=1, Nodes=1
[    0.000000] Hierarchical RCU implementation.
[    0.000000] 	RCU dyntick-idle grace-period acceleration is enabled.
[    0.000000] NR_IRQS:4352 nr_irqs:256 16
[    0.000000] Console: colour VGA+ 80x25
[    0.000000] console [tty0] enabled
[    0.000000] console [ttyS0] enabled
[    0.000000] allocated 4194304 bytes of page_cgroup
[    0.000000] please try 'cgroup_disable=memory' option if you don't want memory cgroups
[    0.000000] Detected 2000.068 MHz processor.
[    0.008000] Calibrating delay loop (skipped) preset value.. 4000.13 BogoMIPS (lpj=8000272)
[    0.008000] pid_max: default: 32768 minimum: 301
[    0.008030] Security Framework initialized
[    0.009174] AppArmor: AppArmor initialized
[    0.010303] Yama: becoming mindful.
[    0.012072] Dentry cache hash table entries: 65536 (order: 7, 524288 bytes)
[    0.014036] Inode-cache hash table entries: 32768 (order: 6, 262144 bytes)
[    0.015787] Mount-cache hash table entries: 256
[    0.016160] Initializing cgroup subsys cpuacct
[    0.017386] Initializing cgroup subsys memory
[    0.018577] Initializing cgroup subsys devices
[    0.020009] Initializing cgroup subsys freezer
[    0.021224] Initializing cgroup subsys blkio
[    0.022401] Initializing cgroup subsys perf_event
[    0.024095] mce: CPU supports 10 MCE banks
[    0.025536] SMP alternatives: switching to UP code
[    0.054002] Freeing SMP alternatives: 24k freed
[    0.055225] ACPI: Core revision 20110623
[    0.057214] ftrace: allocating 27027 entries in 106 pages
[    0.061636] ..TIMER: vector=0x30 apic1=0 pin1=2 apic2=-1 pin2=-1
[    0.063122] CPU0: Intel(R) Core(TM)2 Duo CPU     T7700  @ 2.40GHz stepping 0b
[    0.068003] APIC calibration not consistent with PM-Timer: 112ms instead of 100ms
[    0.068003] APIC delta adjusted to PM-Timer: 6249841 (7002084)
[    0.068003] Performance Events: unsupported p6 CPU model 15 no PMU driver, software events only.
[    0.068003] NMI watchdog disabled (cpu0): hardware events not enabled
[    0.068039] Brought up 1 CPUs
[    0.068916] Total of 1 processors activated (4000.13 BogoMIPS).
[    0.070916] devtmpfs: initialized
[    0.072941] EVM: security.selinux
[    0.073892] EVM: security.SMACK64
[    0.074863] EVM: security.capability
[    0.076878] print_constraints: dummy: 
[    0.077995] RTC time: 17:53:47, date: 08/13/14
[    0.079217] NET: Registered protocol family 16
[    0.084013] ACPI: bus type pci registered
[    0.085233] PCI: Using configuration type 1 for base access
[    0.087919] bio: create slab <bio-0> at 0
[    0.088228] ACPI: Added _OSI(Module Device)
[    0.089635] ACPI: Added _OSI(Processor Device)
[    0.092010] ACPI: Added _OSI(3.0 _SCP Extensions)
[    0.093510] ACPI: Added _OSI(Processor Aggregator Device)
[    0.098710] ACPI: Interpreter enabled
[    0.099735] ACPI: (supports S0 S3 S4 S5)
[    0.100844] ACPI: Using IOAPIC for interrupt routing
[    0.106963] ACPI: No dock devices found.
[    0.108016] HEST: Table not found.
[    0.108968] PCI: Ignoring host bridge windows from ACPI; if necessary, use "pci=use_crs" and report a bug
[    0.111337] ACPI: PCI Root Bridge [PCI0] (domain 0000 [bus 00-ff])
[    0.115076] pci 0000:00:01.3: quirk: [io  0xb000-0xb03f] claimed by PIIX4 ACPI
[    0.116024] pci 0000:00:01.3: quirk: [io  0xb100-0xb10f] claimed by PIIX4 SMB
[    0.134829]  pci0000:00: Unable to request _OSC control (_OSC support mask: 0x1e)
[    0.142847] ACPI: PCI Interrupt Link [LNKA] (IRQs 5 *10 11)
[    0.145289] ACPI: PCI Interrupt Link [LNKB] (IRQs 5 *10 11)
[    0.147529] ACPI: PCI Interrupt Link [LNKC] (IRQs 5 10 *11)
[    0.149021] ACPI: PCI Interrupt Link [LNKD] (IRQs 5 10 *11)
[    0.151024] ACPI: PCI Interrupt Link [LNKS] (IRQs 9) *0
[    0.153154] vgaarb: device added: PCI:0000:00:02.0,decodes=io+mem,owns=io+mem,locks=none
[    0.155286] vgaarb: loaded
[    0.156012] vgaarb: bridge control possible 0000:00:02.0
[    0.157529] i2c-core: driver [aat2870] using legacy suspend method
[    0.159077] i2c-core: driver [aat2870] using legacy resume method
[    0.160191] SCSI subsystem initialized
[    0.164335] usbcore: registered new interface driver usbfs
[    0.165938] usbcore: registered new interface driver hub
[    0.168102] usbcore: registered new device driver usb
[    0.169920] PCI: Using ACPI for IRQ routing
[    0.171569] NetLabel: Initializing
[    0.172017] NetLabel:  domain hash size = 128
[    0.173145] NetLabel:  protocols = UNLABELED CIPSOv4
[    0.174434] NetLabel:  unlabeled traffic allowed by default
[    0.176103] Switching to clocksource kvm-clock
[    0.186885] AppArmor: AppArmor Filesystem Enabled
[    0.188164] pnp: PnP ACPI init
[    0.189092] ACPI: bus type pnp registered
[    0.191256] pnp: PnP ACPI: found 8 devices
[    0.207495] ACPI: ACPI bus type pnp unregistered
[    0.216580] NET: Registered protocol family 2
[    0.217835] IP route cache hash table entries: 4096 (order: 3, 32768 bytes)
[    0.219784] TCP established hash table entries: 16384 (order: 6, 262144 bytes)
[    0.222177] TCP bind hash table entries: 16384 (order: 6, 262144 bytes)
[    0.224159] TCP: Hash tables configured (established 16384 bind 16384)
[    0.225725] TCP reno registered
[    0.226633] UDP hash table entries: 256 (order: 1, 8192 bytes)
[    0.228084] UDP-Lite hash table entries: 256 (order: 1, 8192 bytes)
[    0.229712] NET: Registered protocol family 1
[    0.230890] pci 0000:00:00.0: Limiting direct PCI/PCI transfers
[    0.233496] pci 0000:00:01.0: PIIX3: Enabling Passive Release
[    0.234930] pci 0000:00:01.0: Activating ISA DMA hang workarounds
[    0.236638] ACPI: PCI Interrupt Link [LNKD] enabled at IRQ 11
[    0.256686] pci 0000:00:01.2: PCI INT D -> Link[LNKD] -> GSI 11 (level, high) -> IRQ 11
[    0.259338] pci 0000:00:01.2: PCI INT D disabled
[    0.261755] audit: initializing netlink socket (disabled)
[    0.263451] type=2000 audit(1407952428.260:1): initialized
[    0.292427] Trying to unpack rootfs image as initramfs...
[    0.328805] HugeTLB registered 2 MB page size, pre-allocated 0 pages
[    0.340242] VFS: Disk quotas dquot_6.5.2
[    0.345428] Dquot-cache hash table entries: 512 (order 0, 4096 bytes)
[    0.352099] fuse init (API version 7.17)
[    0.353664] msgmni has been set to 969
[    0.372293] Block layer SCSI generic (bsg) driver version 0.4 loaded (major 253)
[    0.400249] io scheduler noop registered
[    0.401354] io scheduler deadline registered (default)
[    0.402722] io scheduler cfq registered
[    0.403957] pci_hotplug: PCI Hot Plug PCI Core version: 0.5
[    0.405445] pciehp: PCI Express Hot Plug Controller Driver version: 0.4
[    0.407251] input: Power Button as /devices/LNXSYSTM:00/LNXPWRBN:00/input/input0
[    0.409289] ACPI: Power Button [PWRF]
[    0.411459] ERST: Table is not found!
[    0.412515] GHES: HEST is not enabled!
[    0.413795] ACPI: PCI Interrupt Link [LNKC] enabled at IRQ 10
[    0.431938] virtio-pci 0000:00:03.0: PCI INT A -> Link[LNKC] -> GSI 10 (level, high) -> IRQ 10
[    0.434914] virtio-pci 0000:00:04.0: PCI INT A -> Link[LNKD] -> GSI 11 (level, high) -> IRQ 11
[    0.456253] ACPI: PCI Interrupt Link [LNKA] enabled at IRQ 10
[    0.457715] virtio-pci 0000:00:05.0: PCI INT A -> Link[LNKA] -> GSI 10 (level, high) -> IRQ 10
[    0.464383] Serial: 8250/16550 driver, 32 ports, IRQ sharing enabled
[    0.500231] serial8250: ttyS0 at I/O 0x3f8 (irq = 4) is a 16550A
[    0.519578] Freeing initrd memory: 3628k freed
[    0.543242] serial8250: ttyS1 at I/O 0x2f8 (irq = 3) is a 16550A
[    0.574112] 00:05: ttyS0 at I/O 0x3f8 (irq = 4) is a 16550A
[    0.597412] 00:06: ttyS1 at I/O 0x2f8 (irq = 3) is a 16550A
[    0.599064] hpet_acpi_add: no address or irqs in _CRS
[    0.600402] Linux agpgart interface v0.103
[    0.603151] brd: module loaded
[    0.604993] loop: module loaded
[    0.639873]  vda: unknown partition table
[    0.642295] scsi0 : ata_piix
[    0.643493] scsi1 : ata_piix
[    0.644688] ata1: PATA max MWDMA2 cmd 0x1f0 ctl 0x3f6 bmdma 0xc0a0 irq 14
[    0.646723] ata2: PATA max MWDMA2 cmd 0x170 ctl 0x376 bmdma 0xc0a8 irq 15
[    0.649128] Fixed MDIO Bus: probed
[    0.650144] tun: Universal TUN/TAP device driver, 1.6
[    0.651444] tun: (C) 1999-2004 Max Krasnyansky <maxk@qualcomm.com>
[    0.701329] PPP generic driver version 2.4.2
[    0.702909] ehci_hcd: USB 2.0 'Enhanced' Host Controller (EHCI) Driver
[    0.704967] ohci_hcd: USB 1.1 'Open' Host Controller (OHCI) Driver
[    0.706883] uhci_hcd: USB Universal Host Controller Interface driver
[    0.708931] uhci_hcd 0000:00:01.2: PCI INT D -> Link[LNKD] -> GSI 11 (level, high) -> IRQ 11
[    0.711700] uhci_hcd 0000:00:01.2: UHCI Host Controller
[    0.713336] uhci_hcd 0000:00:01.2: new USB bus registered, assigned bus number 1
[    0.730145] uhci_hcd 0000:00:01.2: irq 11, io base 0x0000c040
[    0.731813] hub 1-0:1.0: USB hub found
[    0.733094] hub 1-0:1.0: 2 ports detected
[    0.734680] usbcore: registered new interface driver libusual
[    0.736680] i8042: PNP: PS/2 Controller [PNP0303:KBD,PNP0f13:MOU] at 0x60,0x64 irq 1,12
[    0.740363] serio: i8042 KBD port at 0x60,0x64 irq 1
[    0.742038] serio: i8042 AUX port at 0x60,0x64 irq 12
[    0.743911] mousedev: PS/2 mouse device common for all mice
[    0.745943] input: AT Translated Set 2 keyboard as /devices/platform/i8042/serio0/input/input1
[    0.748515] rtc_cmos 00:01: RTC can wake from S4
[    0.750062] rtc_cmos 00:01: rtc core: registered rtc_cmos as rtc0
[    0.751684] rtc0: alarms up to one day, 114 bytes nvram
[    0.753179] device-mapper: uevent: version 1.0.3
[    0.754589] device-mapper: ioctl: 4.22.0-ioctl (2011-10-19) initialised: dm-devel@redhat.com
[    0.756920] cpuidle: using governor ladder
[    0.758046] cpuidle: using governor menu
[    0.775986] EFI Variables Facility v0.08 2004-May-17
[    0.777964] TCP cubic registered
[    0.779335] NET: Registered protocol family 10
[    0.781576] NET: Registered protocol family 17
[    0.782821] Registering the dns_resolver key type
[    0.784301] registered taskstats version 1
[    0.789394]   Magic number: 10:132:896
[    0.790629] rtc_cmos 00:01: setting system clock to 2014-08-13 17:53:48 UTC (1407952428)
[    0.792898] BIOS EDD facility v0.16 2004-Jun-25, 0 devices found
[    0.794455] EDD information not available.
[    0.822005] ata2.01: ATAPI: QEMU DVD-ROM, 1.0, max UDMA/100
[    0.824482] ata2.01: configured for MWDMA2
[    0.826635] scsi 1:0:1:0: CD-ROM            QEMU     QEMU DVD-ROM     1.0  PQ: 0 ANSI: 5
[    0.830105] sr0: scsi3-mmc drive: 4x/4x cd/rw xa/form2 tray
[    0.831904] cdrom: Uniform CD-ROM driver Revision: 3.20
[    0.834145] sr 1:0:1:0: Attached scsi generic sg0 type 5
[    0.838168] Freeing unused kernel memory: 924k freed
[    0.840349] Write protecting the kernel read-only data: 12288k
[    0.847568] Freeing unused kernel memory: 1632k freed
[    0.854010] Freeing unused kernel memory: 1200k freed

info: initramfs: up at 0.87
info: initramfs loading root from /dev/vda
info: /etc/init.d/rc.sysinit: up at 1.21
Starting logging: OK
Initializing random number generator... done.
Starting acpid: OK
cirros-ds 'local' up at 1.33
found datasource (configdrive, local)
cirros-apply-local already run per instance
Starting network...
udhcpc (v1.20.1) started
Sending discover...
Sending select for 10.16.20.2...
Lease of 10.16.20.2 obtained, lease time 86400
deleting routers
route: SIOCDELRT: No such process
adding dns 10.16.20.3
check-version already run per instance
Starting dropbear sshd: OK
userdata already run per instance
=== network info ===
if-info: lo,up,127.0.0.1,8,::1
if-info: eth0,up,10.16.20.2,24,fe80::f816:3eff:fe95:1ef0
ip-route:default via 10.16.20.1 dev eth0 
ip-route:10.16.20.0/24 dev eth0  src 10.16.20.2 
=== datasource: configdrive local ===
instance-id: a87788a0-e51d-4e4a-8fbc-6fd4c58ab00e
name: Tenant1-WEB1
availability-zone: nova
local-hostname: tenant1-web1.novalocal
launch-index: 0
=== cirros: current=0.3.1 uptime=1.60 ===
  ____               ____  ____
 / __/ __ ____ ____ / __ \/ __/
/ /__ / // __// __// /_/ /\ \ 
\___//_//_/  /_/   \____/___/ 
   http://cirros-cloud.net


login as 'cirros' user. default password: 'cubswin:)'. use 'sudo' for root.
cirros login: The system is going down NOW!
Sent SIGTERM to all processes
Sent SIGKILL to all processes
Requesting system reboot
[ 1568.842352] Disabling non-boot CPUs ...
[ 1568.843808] Restarting system.
[ 1568.845036] machine restart
[    0.000000] Initializing cgroup subsys cpuset
[    0.000000] Initializing cgroup subsys cpu
[    0.000000] Linux version 3.2.0-37-virtual (buildd@allspice) (gcc version 4.6.3 (Ubuntu/Linaro 4.6.3-1ubuntu5) ) #58-Ubuntu SMP Thu Jan 24 15:48:03 UTC 2013 (Ubuntu 3.2.0-37.58-virtual 3.2.35)
[    0.000000] Command line: root=/dev/vda console=tty0 console=ttyS0
[    0.000000] KERNEL supported cpus:
[    0.000000]   Intel GenuineIntel
[    0.000000]   AMD AuthenticAMD
[    0.000000]   Centaur CentaurHauls
[    0.000000] BIOS-provided physical RAM map:
[    0.000000]  BIOS-e820: 0000000000000000 - 000000000009dc00 (usable)
[    0.000000]  BIOS-e820: 000000000009dc00 - 00000000000a0000 (reserved)
[    0.000000]  BIOS-e820: 00000000000f0000 - 0000000000100000 (reserved)
[    0.000000]  BIOS-e820: 0000000000100000 - 000000001fffd000 (usable)
[    0.000000]  BIOS-e820: 000000001fffd000 - 0000000020000000 (reserved)
[    0.000000]  BIOS-e820: 00000000feffc000 - 00000000ff000000 (reserved)
[    0.000000]  BIOS-e820: 00000000fffc0000 - 0000000100000000 (reserved)
[    0.000000] NX (Execute Disable) protection: active
[    0.000000] DMI 2.4 present.
[    0.000000] No AGP bridge found
[    0.000000] last_pfn = 0x1fffd max_arch_pfn = 0x400000000
[    0.000000] x86 PAT enabled: cpu 0, old 0x70406, new 0x7010600070106
[    0.000000] found SMP MP-table at [ffff8800000fdaf0] fdaf0
[    0.000000] Using GB pages for direct mapping
[    0.000000] init_memory_mapping: 0000000000000000-000000001fffd000
[    0.000000] RAMDISK: 1fc65000 - 1fff0000
[    0.000000] ACPI: RSDP 00000000000fd950 00014 (v00 BOCHS )
[    0.000000] ACPI: RSDT 000000001fffd7b0 00034 (v01 BOCHS  BXPCRSDT 00000001 BXPC 00000001)
[    0.000000] ACPI: FACP 000000001fffff80 00074 (v01 BOCHS  BXPCFACP 00000001 BXPC 00000001)
[    0.000000] ACPI: DSDT 000000001fffd9b0 02589 (v01   BXPC   BXDSDT 00000001 INTL 20100528)
[    0.000000] ACPI: FACS 000000001fffff40 00040
[    0.000000] ACPI: SSDT 000000001fffd910 0009E (v01 BOCHS  BXPCSSDT 00000001 BXPC 00000001)
[    0.000000] ACPI: APIC 000000001fffd830 00072 (v01 BOCHS  BXPCAPIC 00000001 BXPC 00000001)
[    0.000000] ACPI: HPET 000000001fffd7f0 00038 (v01 BOCHS  BXPCHPET 00000001 BXPC 00000001)
[    0.000000] No NUMA configuration found
[    0.000000] Faking a node at 0000000000000000-000000001fffd000
[    0.000000] Initmem setup node 0 0000000000000000-000000001fffd000
[    0.000000]   NODE_DATA [000000001fff5000 - 000000001fff9fff]
[    0.000000] kvm-clock: Using msrs 4b564d01 and 4b564d00
[    0.000000] kvm-clock: cpu 0, msr 0:1cf7681, boot clock
[    0.000000] Zone PFN ranges:
[    0.000000]   DMA      0x00000010 -> 0x00001000
[    0.000000]   DMA32    0x00001000 -> 0x00100000
[    0.000000]   Normal   empty
[    0.000000] Movable zone start PFN for each node
[    0.000000] early_node_map[2] active PFN ranges
[    0.000000]     0: 0x00000010 -> 0x0000009d
[    0.000000]     0: 0x00000100 -> 0x0001fffd
[    0.000000] ACPI: PM-Timer IO Port: 0xb008
[    0.000000] ACPI: LAPIC (acpi_id[0x00] lapic_id[0x00] enabled)
[    0.000000] ACPI: IOAPIC (id[0x01] address[0xfec00000] gsi_base[0])
[    0.000000] IOAPIC[0]: apic_id 1, version 17, address 0xfec00000, GSI 0-23
[    0.000000] ACPI: INT_SRC_OVR (bus 0 bus_irq 0 global_irq 2 dfl dfl)
[    0.000000] ACPI: INT_SRC_OVR (bus 0 bus_irq 5 global_irq 5 high level)
[    0.000000] ACPI: INT_SRC_OVR (bus 0 bus_irq 9 global_irq 9 high level)
[    0.000000] ACPI: INT_SRC_OVR (bus 0 bus_irq 10 global_irq 10 high level)
[    0.000000] ACPI: INT_SRC_OVR (bus 0 bus_irq 11 global_irq 11 high level)
[    0.000000] Using ACPI (MADT) for SMP configuration information
[    0.000000] ACPI: HPET id: 0x8086a201 base: 0xfed00000
[    0.000000] SMP: Allowing 1 CPUs, 0 hotplug CPUs
[    0.000000] PM: Registered nosave memory: 000000000009d000 - 000000000009e000
[    0.000000] PM: Registered nosave memory: 000000000009e000 - 00000000000a0000
[    0.000000] PM: Registered nosave memory: 00000000000a0000 - 00000000000f0000
[    0.000000] PM: Registered nosave memory: 00000000000f0000 - 0000000000100000
[    0.000000] Allocating PCI resources starting at 20000000 (gap: 20000000:deffc000)
[    0.000000] Booting paravirtualized kernel on KVM
[    0.000000] setup_percpu: NR_CPUS:64 nr_cpumask_bits:64 nr_cpu_ids:1 nr_node_ids:1
[    0.000000] PERCPU: Embedded 28 pages/cpu @ffff88001fa00000 s82880 r8192 d23616 u2097152
[    0.000000] kvm-clock: cpu 0, msr 0:1fa13681, primary cpu clock
[    0.000000] KVM setup async PF for cpu 0
[    0.000000] kvm-stealtime: cpu 0, msr 1fa0dd40
[    0.000000] Built 1 zonelists in Node order, mobility grouping on.  Total pages: 128901
[    0.000000] Policy zone: DMA32
[    0.000000] Kernel command line: root=/dev/vda console=tty0 console=ttyS0
[    0.000000] PID hash table entries: 2048 (order: 2, 16384 bytes)
[    0.000000] Checking aperture...
[    0.000000] No AGP bridge found
[    0.000000] Memory: 496112k/524276k available (6541k kernel code, 460k absent, 27704k reserved, 6652k data, 924k init)
[    0.000000] SLUB: Genslabs=15, HWalign=64, Order=0-3, MinObjects=0, CPUs=1, Nodes=1
[    0.000000] Hierarchical RCU implementation.
[    0.000000] 	RCU dyntick-idle grace-period acceleration is enabled.
[    0.000000] NR_IRQS:4352 nr_irqs:256 16
[    0.000000] Console: colour VGA+ 80x25
[    0.000000] console [tty0] enabled
[    0.000000] console [ttyS0] enabled
[    0.000000] allocated 4194304 bytes of page_cgroup
[    0.000000] please try 'cgroup_disable=memory' option if you don't want memory cgroups
[    0.000000] Detected 2000.068 MHz processor.
[    0.008000] Calibrating delay loop (skipped) preset value.. 4000.13 BogoMIPS (lpj=8000272)
[    0.008010] pid_max: default: 32768 minimum: 301
[    0.009682] Security Framework initialized
[    0.011242] AppArmor: AppArmor initialized
[    0.012007] Yama: becoming mindful.
[    0.013161] Dentry cache hash table entries: 65536 (order: 7, 524288 bytes)
[    0.016276] Inode-cache hash table entries: 32768 (order: 6, 262144 bytes)
[    0.018139] Mount-cache hash table entries: 256
[    0.019594] Initializing cgroup subsys cpuacct
[    0.020012] Initializing cgroup subsys memory
[    0.021284] Initializing cgroup subsys devices
[    0.022556] Initializing cgroup subsys freezer
[    0.024012] Initializing cgroup subsys blkio
[    0.025230] Initializing cgroup subsys perf_event
[    0.026631] mce: CPU supports 10 MCE banks
[    0.028315] SMP alternatives: switching to UP code
[    0.054893] Freeing SMP alternatives: 24k freed
[    0.056015] ACPI: Core revision 20110623
[    0.058413] ftrace: allocating 27027 entries in 106 pages
[    0.068584] ..TIMER: vector=0x30 apic1=0 pin1=2 apic2=-1 pin2=-1
[    0.070157] CPU0: Intel(R) Core(TM)2 Duo CPU     T7700  @ 2.40GHz stepping 0b
[    0.076004] Performance Events: unsupported p6 CPU model 15 no PMU driver, software events only.
[    0.076004] NMI watchdog disabled (cpu0): hardware events not enabled
[    0.076042] Brought up 1 CPUs
[    0.076979] Total of 1 processors activated (4000.13 BogoMIPS).
[    0.079146] devtmpfs: initialized
[    0.080964] EVM: security.selinux
[    0.081969] EVM: security.SMACK64
[    0.083015] EVM: security.capability
[    0.084963] print_constraints: dummy: 
[    0.086139] RTC time: 18:20:01, date: 08/13/14
[    0.088068] NET: Registered protocol family 16
[    0.089464] ACPI: bus type pci registered
[    0.090755] PCI: Using configuration type 1 for base access
[    0.093062] bio: create slab <bio-0> at 0
[    0.094406] ACPI: Added _OSI(Module Device)
[    0.095615] ACPI: Added _OSI(Processor Device)
[    0.096010] ACPI: Added _OSI(3.0 _SCP Extensions)
[    0.097310] ACPI: Added _OSI(Processor Aggregator Device)
[    0.102587] ACPI: Interpreter enabled
[    0.104012] ACPI: (supports S0 S3 S4 S5)
[    0.108785] ACPI: Using IOAPIC for interrupt routing
[    0.116248] ACPI: No dock devices found.
[    0.117366] HEST: Table not found.
[    0.118369] PCI: Ignoring host bridge windows from ACPI; if necessary, use "pci=use_crs" and report a bug
[    0.120035] ACPI: PCI Root Bridge [PCI0] (domain 0000 [bus 00-ff])
[    0.125799] pci 0000:00:01.3: quirk: [io  0xb000-0xb03f] claimed by PIIX4 ACPI
[    0.127831] pci 0000:00:01.3: quirk: [io  0xb100-0xb10f] claimed by PIIX4 SMB
[    0.141309]  pci0000:00: Unable to request _OSC control (_OSC support mask: 0x1e)
[    0.147891] ACPI: PCI Interrupt Link [LNKA] (IRQs 5 *10 11)
[    0.149090] ACPI: PCI Interrupt Link [LNKB] (IRQs 5 *10 11)
[    0.152115] ACPI: PCI Interrupt Link [LNKC] (IRQs 5 10 *11)
[    0.154212] ACPI: PCI Interrupt Link [LNKD] (IRQs 5 10 *11)
[    0.156121] ACPI: PCI Interrupt Link [LNKS] (IRQs 9) *0
[    0.158370] vgaarb: device added: PCI:0000:00:02.0,decodes=io+mem,owns=io+mem,locks=none
[    0.160015] vgaarb: loaded
[    0.160894] vgaarb: bridge control possible 0000:00:02.0
[    0.162494] i2c-core: driver [aat2870] using legacy suspend method
[    0.164013] i2c-core: driver [aat2870] using legacy resume method
[    0.165728] SCSI subsystem initialized
[    0.168106] usbcore: registered new interface driver usbfs
[    0.169587] usbcore: registered new interface driver hub
[    0.171061] usbcore: registered new device driver usb
[    0.172197] PCI: Using ACPI for IRQ routing
[    0.173822] NetLabel: Initializing
[    0.174866] NetLabel:  domain hash size = 128
[    0.176014] NetLabel:  protocols = UNLABELED CIPSOv4
[    0.177366] NetLabel:  unlabeled traffic allowed by default
[    0.178930] Switching to clocksource kvm-clock
[    0.191193] AppArmor: AppArmor Filesystem Enabled
[    0.193202] pnp: PnP ACPI init
[    0.194265] ACPI: bus type pnp registered
[    0.196689] pnp: PnP ACPI: found 8 devices
[    0.197852] ACPI: ACPI bus type pnp unregistered
[    0.206292] NET: Registered protocol family 2
[    0.207622] IP route cache hash table entries: 4096 (order: 3, 32768 bytes)
[    0.209709] TCP established hash table entries: 16384 (order: 6, 262144 bytes)
[    0.212211] TCP bind hash table entries: 16384 (order: 6, 262144 bytes)
[    0.214285] TCP: Hash tables configured (established 16384 bind 16384)
[    0.215964] TCP reno registered
[    0.216953] UDP hash table entries: 256 (order: 1, 8192 bytes)
[    0.218453] UDP-Lite hash table entries: 256 (order: 1, 8192 bytes)
[    0.220191] NET: Registered protocol family 1
[    0.221423] pci 0000:00:00.0: Limiting direct PCI/PCI transfers
[    0.223013] pci 0000:00:01.0: PIIX3: Enabling Passive Release
[    0.224525] pci 0000:00:01.0: Activating ISA DMA hang workarounds
[    0.226284] ACPI: PCI Interrupt Link [LNKD] enabled at IRQ 11
[    0.229004] pci 0000:00:01.2: PCI INT D -> Link[LNKD] -> GSI 11 (level, high) -> IRQ 11
[    0.242326] pci 0000:00:01.2: PCI INT D disabled
[    0.244797] audit: initializing netlink socket (disabled)
[    0.246543] type=2000 audit(1407954002.244:1): initialized
[    0.274920] Trying to unpack rootfs image as initramfs...
[    0.312365] HugeTLB registered 2 MB page size, pre-allocated 0 pages
[    0.324287] VFS: Disk quotas dquot_6.5.2
[    0.325650] Dquot-cache hash table entries: 512 (order 0, 4096 bytes)
[    0.328366] fuse init (API version 7.17)
[    0.329739] msgmni has been set to 969
[    0.348195] Block layer SCSI generic (bsg) driver version 0.4 loaded (major 253)
[    0.356494] io scheduler noop registered
[    0.357863] io scheduler deadline registered (default)
[    0.359624] io scheduler cfq registered
[    0.361183] pci_hotplug: PCI Hot Plug PCI Core version: 0.5
[    0.362980] pciehp: PCI Express Hot Plug Controller Driver version: 0.4
[    0.365239] input: Power Button as /devices/LNXSYSTM:00/LNXPWRBN:00/input/input0
[    0.367492] ACPI: Power Button [PWRF]
[    0.400793] ERST: Table is not found!
[    0.402087] GHES: HEST is not enabled!
[    0.403482] ACPI: PCI Interrupt Link [LNKC] enabled at IRQ 10
[    0.404994] virtio-pci 0000:00:03.0: PCI INT A -> Link[LNKC] -> GSI 10 (level, high) -> IRQ 10
[    0.407437] virtio-pci 0000:00:04.0: PCI INT A -> Link[LNKD] -> GSI 11 (level, high) -> IRQ 11
[    0.416344] ACPI: PCI Interrupt Link [LNKA] enabled at IRQ 10
[    0.417781] virtio-pci 0000:00:05.0: PCI INT A -> Link[LNKA] -> GSI 10 (level, high) -> IRQ 10
[    0.420173] Serial: 8250/16550 driver, 32 ports, IRQ sharing enabled
[    0.452049] serial8250: ttyS0 at I/O 0x3f8 (irq = 4) is a 16550A
[    0.475449] Freeing initrd memory: 3628k freed
[    0.500590] serial8250: ttyS1 at I/O 0x2f8 (irq = 3) is a 16550A
[    0.525271] 00:05: ttyS0 at I/O 0x3f8 (irq = 4) is a 16550A
[    0.548686] 00:06: ttyS1 at I/O 0x2f8 (irq = 3) is a 16550A
[    0.550353] hpet_acpi_add: no address or irqs in _CRS
[    0.551683] Linux agpgart interface v0.103
[    0.554456] brd: module loaded
[    0.556285] loop: module loaded
[    0.587392]  vda: unknown partition table
[    0.589919] scsi0 : ata_piix
[    0.591159] scsi1 : ata_piix
[    0.592347] ata1: PATA max MWDMA2 cmd 0x1f0 ctl 0x3f6 bmdma 0xc0a0 irq 14
[    0.594430] ata2: PATA max MWDMA2 cmd 0x170 ctl 0x376 bmdma 0xc0a8 irq 15
[    0.596446] Fixed MDIO Bus: probed
[    0.597460] tun: Universal TUN/TAP device driver, 1.6
[    0.598777] tun: (C) 1999-2004 Max Krasnyansky <maxk@qualcomm.com>
[    0.639106] PPP generic driver version 2.4.2
[    0.640698] ehci_hcd: USB 2.0 'Enhanced' Host Controller (EHCI) Driver
[    0.642714] ohci_hcd: USB 1.1 'Open' Host Controller (OHCI) Driver
[    0.644668] uhci_hcd: USB Universal Host Controller Interface driver
[    0.646672] uhci_hcd 0000:00:01.2: PCI INT D -> Link[LNKD] -> GSI 11 (level, high) -> IRQ 11
[    0.649489] uhci_hcd 0000:00:01.2: UHCI Host Controller
[    0.651264] uhci_hcd 0000:00:01.2: new USB bus registered, assigned bus number 1
[    0.653898] uhci_hcd 0000:00:01.2: irq 11, io base 0x0000c040
[    0.665959] hub 1-0:1.0: USB hub found
[    0.667340] hub 1-0:1.0: 2 ports detected
[    0.669021] usbcore: registered new interface driver libusual
[    0.671024] i8042: PNP: PS/2 Controller [PNP0303:KBD,PNP0f13:MOU] at 0x60,0x64 irq 1,12
[    0.674770] serio: i8042 KBD port at 0x60,0x64 irq 1
[    0.676514] serio: i8042 AUX port at 0x60,0x64 irq 12
[    0.678453] mousedev: PS/2 mouse device common for all mice
[    0.680352] input: AT Translated Set 2 keyboard as /devices/platform/i8042/serio0/input/input1
[    0.683025] rtc_cmos 00:01: RTC can wake from S4
[    0.684567] rtc_cmos 00:01: rtc core: registered rtc_cmos as rtc0
[    0.686246] rtc0: alarms up to one day, 114 bytes nvram
[    0.687741] device-mapper: uevent: version 1.0.3
[    0.689207] device-mapper: ioctl: 4.22.0-ioctl (2011-10-19) initialised: dm-devel@redhat.com
[    0.691496] cpuidle: using governor ladder
[    0.692681] cpuidle: using governor menu
[    0.693814] EFI Variables Facility v0.08 2004-May-17
[    0.704633] TCP cubic registered
[    0.705769] NET: Registered protocol family 10
[    0.708140] NET: Registered protocol family 17
[    0.709746] Registering the dns_resolver key type
[    0.711604] registered taskstats version 1
[    0.717185]   Magic number: 10:170:342
[    0.718402] rtc_cmos 00:01: setting system clock to 2014-08-13 18:20:02 UTC (1407954002)
[    0.720620] BIOS EDD facility v0.16 2004-Jun-25, 0 devices found
[    0.722201] EDD information not available.
[    0.756718] ata2.01: ATAPI: QEMU DVD-ROM, 1.0, max UDMA/100
[    0.758804] ata2.01: configured for MWDMA2
[    0.760996] scsi 1:0:1:0: CD-ROM            QEMU     QEMU DVD-ROM     1.0  PQ: 0 ANSI: 5
[    0.764070] sr0: scsi3-mmc drive: 4x/4x cd/rw xa/form2 tray
[    0.765548] cdrom: Uniform CD-ROM driver Revision: 3.20
[    0.767286] sr 1:0:1:0: Attached scsi generic sg0 type 5
[    0.770523] Freeing unused kernel memory: 924k freed
[    0.780316] Write protecting the kernel read-only data: 12288k
[    0.788380] Freeing unused kernel memory: 1632k freed
[    0.794793] Freeing unused kernel memory: 1200k freed

info: initramfs: up at 0.80
info: initramfs loading root from /dev/vda
info: /etc/init.d/rc.sysinit: up at 0.99
Starting logging: OK
Initializing random number generator... done.
Starting acpid: OK
cirros-ds 'local' up at 1.07
found datasource (configdrive, local)
cirros-apply-local already run per instance
Starting network...
udhcpc (v1.20.1) started
Sending discover...
Sending select for 10.16.20.2...
Lease of 10.16.20.2 obtained, lease time 86400
deleting routers
route: SIOCDELRT: No such process
adding dns 10.16.20.3
check-version already run per instance
Starting dropbear sshd: OK
userdata already run per instance
=== network info ===
if-info: lo,up,127.0.0.1,8,::1
if-info: eth0,up,10.16.20.2,24,fe80::f816:3eff:fe95:1ef0
ip-route:default via 10.16.20.1 dev eth0 
ip-route:10.16.20.0/24 dev eth0  src 10.16.20.2 
=== datasource: configdrive local ===
instance-id: a87788a0-e51d-4e4a-8fbc-6fd4c58ab00e
name: Tenant1-WEB1
availability-zone: nova
local-hostname: tenant1-web1.novalocal
launch-index: 0
=== cirros: current=0.3.1 uptime=1.34 ===
  ____               ____  ____
 / __/ __ ____ ____ / __ \/ __/
/ /__ / // __// __// /_/ /\ \ 
\___//_//_/  /_/   \____/___/ 
   http://cirros-cloud.net


login as 'cirros' user. default password: 'cubswin:)'. use 'sudo' for root.
cirros login: The system is going down NOW!
Sent SIGTERM to all processes
Sent SIGKILL to all processes
Requesting system reboot
[438995.030569] Disabling non-boot CPUs ...
[438995.032072] Restarting system.
[438995.038794] machine restart
[    0.000000] Initializing cgroup subsys cpuset
[    0.000000] Initializing cgroup subsys cpu
[    0.000000] Linux version 3.2.0-37-virtual (buildd@allspice) (gcc version 4.6.3 (Ubuntu/Linaro 4.6.3-1ubuntu5) ) #58-Ubuntu SMP Thu Jan 24 15:48:03 UTC 2013 (Ubuntu 3.2.0-37.58-virtual 3.2.35)
[    0.000000] Command line: root=/dev/vda console=tty0 console=ttyS0
[    0.000000] KERNEL supported cpus:
[    0.000000]   Intel GenuineIntel
[    0.000000]   AMD AuthenticAMD
[    0.000000]   Centaur CentaurHauls
[    0.000000] BIOS-provided physical RAM map:
[    0.000000]  BIOS-e820: 0000000000000000 - 000000000009dc00 (usable)
[    0.000000]  BIOS-e820: 000000000009dc00 - 00000000000a0000 (reserved)
[    0.000000]  BIOS-e820: 00000000000f0000 - 0000000000100000 (reserved)
[    0.000000]  BIOS-e820: 0000000000100000 - 000000001fffd000 (usable)
[    0.000000]  BIOS-e820: 000000001fffd000 - 0000000020000000 (reserved)
[    0.000000]  BIOS-e820: 00000000feffc000 - 00000000ff000000 (reserved)
[    0.000000]  BIOS-e820: 00000000fffc0000 - 0000000100000000 (reserved)
[    0.000000] NX (Execute Disable) protection: active
[    0.000000] DMI 2.4 present.
[    0.000000] No AGP bridge found
[    0.000000] last_pfn = 0x1fffd max_arch_pfn = 0x400000000
[    0.000000] x86 PAT enabled: cpu 0, old 0x70406, new 0x7010600070106
[    0.000000] found SMP MP-table at [ffff8800000fdaf0] fdaf0
[    0.000000] Using GB pages for direct mapping
[    0.000000] init_memory_mapping: 0000000000000000-000000001fffd000
[    0.000000] RAMDISK: 1fc65000 - 1fff0000
[    0.000000] ACPI: RSDP 00000000000fd950 00014 (v00 BOCHS )
[    0.000000] ACPI: RSDT 000000001fffd7b0 00034 (v01 BOCHS  BXPCRSDT 00000001 BXPC 00000001)
[    0.000000] ACPI: FACP 000000001fffff80 00074 (v01 BOCHS  BXPCFACP 00000001 BXPC 00000001)
[    0.000000] ACPI: DSDT 000000001fffd9b0 02589 (v01   BXPC   BXDSDT 00000001 INTL 20100528)
[    0.000000] ACPI: FACS 000000001fffff40 00040
[    0.000000] ACPI: SSDT 000000001fffd910 0009E (v01 BOCHS  BXPCSSDT 00000001 BXPC 00000001)
[    0.000000] ACPI: APIC 000000001fffd830 00072 (v01 BOCHS  BXPCAPIC 00000001 BXPC 00000001)
[    0.000000] ACPI: HPET 000000001fffd7f0 00038 (v01 BOCHS  BXPCHPET 00000001 BXPC 00000001)
[    0.000000] No NUMA configuration found
[    0.000000] Faking a node at 0000000000000000-000000001fffd000
[    0.000000] Initmem setup node 0 0000000000000000-000000001fffd000
[    0.000000]   NODE_DATA [000000001fff5000 - 000000001fff9fff]
[    0.000000] kvm-clock: Using msrs 4b564d01 and 4b564d00
[    0.000000] kvm-clock: cpu 0, msr 0:1cf7681, boot clock
[    0.000000] Zone PFN ranges:
[    0.000000]   DMA      0x00000010 -> 0x00001000
[    0.000000]   DMA32    0x00001000 -> 0x00100000
[    0.000000]   Normal   empty
[    0.000000] Movable zone start PFN for each node
[    0.000000] early_node_map[2] active PFN ranges
[    0.000000]     0: 0x00000010 -> 0x0000009d
[    0.000000]     0: 0x00000100 -> 0x0001fffd
[    0.000000] ACPI: PM-Timer IO Port: 0xb008
[    0.000000] ACPI: LAPIC (acpi_id[0x00] lapic_id[0x00] enabled)
[    0.000000] ACPI: IOAPIC (id[0x01] address[0xfec00000] gsi_base[0])
[    0.000000] IOAPIC[0]: apic_id 1, version 17, address 0xfec00000, GSI 0-23
[    0.000000] ACPI: INT_SRC_OVR (bus 0 bus_irq 0 global_irq 2 dfl dfl)
[    0.000000] ACPI: INT_SRC_OVR (bus 0 bus_irq 5 global_irq 5 high level)
[    0.000000] ACPI: INT_SRC_OVR (bus 0 bus_irq 9 global_irq 9 high level)
[    0.000000] ACPI: INT_SRC_OVR (bus 0 bus_irq 10 global_irq 10 high level)
[    0.000000] ACPI: INT_SRC_OVR (bus 0 bus_irq 11 global_irq 11 high level)
[    0.000000] Using ACPI (MADT) for SMP configuration information
[    0.000000] ACPI: HPET id: 0x8086a201 base: 0xfed00000
[    0.000000] SMP: Allowing 1 CPUs, 0 hotplug CPUs
[    0.000000] PM: Registered nosave memory: 000000000009d000 - 000000000009e000
[    0.000000] PM: Registered nosave memory: 000000000009e000 - 00000000000a0000
[    0.000000] PM: Registered nosave memory: 00000000000a0000 - 00000000000f0000
[    0.000000] PM: Registered nosave memory: 00000000000f0000 - 0000000000100000
[    0.000000] Allocating PCI resources starting at 20000000 (gap: 20000000:deffc000)
[    0.000000] Booting paravirtualized kernel on KVM
[    0.000000] setup_percpu: NR_CPUS:64 nr_cpumask_bits:64 nr_cpu_ids:1 nr_node_ids:1
[    0.000000] PERCPU: Embedded 28 pages/cpu @ffff88001fa00000 s82880 r8192 d23616 u2097152
[    0.000000] kvm-clock: cpu 0, msr 0:1fa13681, primary cpu clock
[    0.000000] KVM setup async PF for cpu 0
[    0.000000] kvm-stealtime: cpu 0, msr 1fa0dd40
[    0.000000] Built 1 zonelists in Node order, mobility grouping on.  Total pages: 128901
[    0.000000] Policy zone: DMA32
[    0.000000] Kernel command line: root=/dev/vda console=tty0 console=ttyS0
[    0.000000] PID hash table entries: 2048 (order: 2, 16384 bytes)
[    0.000000] Checking aperture...
[    0.000000] No AGP bridge found
[    0.000000] Memory: 496112k/524276k available (6541k kernel code, 460k absent, 27704k reserved, 6652k data, 924k init)
[    0.000000] SLUB: Genslabs=15, HWalign=64, Order=0-3, MinObjects=0, CPUs=1, Nodes=1
[    0.000000] Hierarchical RCU implementation.
[    0.000000] 	RCU dyntick-idle grace-period acceleration is enabled.
[    0.000000] NR_IRQS:4352 nr_irqs:256 16
[    0.000000] Console: colour VGA+ 80x25
[    0.000000] console [tty0] enabled
[    0.000000] console [ttyS0] enabled
[    0.000000] allocated 4194304 bytes of page_cgroup
[    0.000000] please try 'cgroup_disable=memory' option if you don't want memory cgroups
[    0.000000] Detected 2000.068 MHz processor.
[    0.008000] Calibrating delay loop (skipped) preset value.. 4000.13 BogoMIPS (lpj=8000272)
[    0.008009] pid_max: default: 32768 minimum: 301
[    0.009602] Security Framework initialized
[    0.011037] AppArmor: AppArmor initialized
[    0.012007] Yama: becoming mindful.
[    0.013127] Dentry cache hash table entries: 65536 (order: 7, 524288 bytes)
[    0.015077] Inode-cache hash table entries: 32768 (order: 6, 262144 bytes)
[    0.016066] Mount-cache hash table entries: 256
[    0.024082] Initializing cgroup subsys cpuacct
[    0.025616] Initializing cgroup subsys memory
[    0.028022] Initializing cgroup subsys devices
[    0.029534] Initializing cgroup subsys freezer
[    0.032010] Initializing cgroup subsys blkio
[    0.033506] Initializing cgroup subsys perf_event
[    0.035202] mce: CPU supports 10 MCE banks
[    0.036296] SMP alternatives: switching to UP code
[    0.062379] Freeing SMP alternatives: 24k freed
[    0.063623] ACPI: Core revision 20110623
[    0.065194] ftrace: allocating 27027 entries in 106 pages
[    0.185578] ..TIMER: vector=0x30 apic1=0 pin1=2 apic2=-1 pin2=-1
[    0.187186] CPU0: Intel(R) Core(TM)2 Duo CPU     T7700  @ 2.40GHz stepping 0b
[    0.192011] Performance Events: unsupported p6 CPU model 15 no PMU driver, software events only.
[    0.192011] NMI watchdog disabled (cpu0): hardware events not enabled
[    0.192059] Brought up 1 CPUs
[    0.193003] Total of 1 processors activated (4000.13 BogoMIPS).
[    0.195108] devtmpfs: initialized
[    0.197003] EVM: security.selinux
[    0.198024] EVM: security.SMACK64
[    0.199030] EVM: security.capability
[    0.203070] print_constraints: dummy: 
[    0.204125] RTC time: 20:16:50, date: 08/18/14
[    0.208051] NET: Registered protocol family 16
[    0.210304] ACPI: bus type pci registered
[    0.216131] PCI: Using configuration type 1 for base access
[    0.220856] bio: create slab <bio-0> at 0
[    0.228906] ACPI: Added _OSI(Module Device)
[    0.232019] ACPI: Added _OSI(Processor Device)
[    0.233501] ACPI: Added _OSI(3.0 _SCP Extensions)
[    0.235028] ACPI: Added _OSI(Processor Aggregator Device)
[    0.240730] ACPI: Interpreter enabled
[    0.241769] ACPI: (supports S0 S3 S4 S5)
[    0.243272] ACPI: Using IOAPIC for interrupt routing
[    0.249394] ACPI: No dock devices found.
[    0.252019] HEST: Table not found.
[    0.253208] PCI: Ignoring host bridge windows from ACPI; if necessary, use "pci=use_crs" and report a bug
[    0.256046] ACPI: PCI Root Bridge [PCI0] (domain 0000 [bus 00-ff])
[    0.263010] pci 0000:00:01.3: quirk: [io  0xb000-0xb03f] claimed by PIIX4 ACPI
[    0.264034] pci 0000:00:01.3: quirk: [io  0xb100-0xb10f] claimed by PIIX4 SMB
[    0.284373]  pci0000:00: Unable to request _OSC control (_OSC support mask: 0x1e)
[    0.296216] ACPI: PCI Interrupt Link [LNKA] (IRQs 5 *10 11)
[    0.301031] ACPI: PCI Interrupt Link [LNKB] (IRQs 5 *10 11)
[    0.303005] ACPI: PCI Interrupt Link [LNKC] (IRQs 5 10 *11)
[    0.305057] ACPI: PCI Interrupt Link [LNKD] (IRQs 5 10 *11)
[    0.307023] ACPI: PCI Interrupt Link [LNKS] (IRQs 9) *0
[    0.312150] vgaarb: device added: PCI:0000:00:02.0,decodes=io+mem,owns=io+mem,locks=none
[    0.316024] vgaarb: loaded
[    0.316846] vgaarb: bridge control possible 0000:00:02.0
[    0.318355] i2c-core: driver [aat2870] using legacy suspend method
[    0.320022] i2c-core: driver [aat2870] using legacy resume method
[    0.322844] SCSI subsystem initialized
[    0.324364] usbcore: registered new interface driver usbfs
[    0.325758] usbcore: registered new interface driver hub
[    0.327169] usbcore: registered new device driver usb
[    0.328216] PCI: Using ACPI for IRQ routing
[    0.329758] NetLabel: Initializing
[    0.330729] NetLabel:  domain hash size = 128
[    0.332023] NetLabel:  protocols = UNLABELED CIPSOv4
[    0.333292] NetLabel:  unlabeled traffic allowed by default
[    0.334754] Switching to clocksource kvm-clock
[    0.692783] AppArmor: AppArmor Filesystem Enabled
[    0.694069] pnp: PnP ACPI init
[    0.694998] ACPI: bus type pnp registered
[    0.703367] pnp: PnP ACPI: found 8 devices
[    0.704510] ACPI: ACPI bus type pnp unregistered
[    0.716784] NET: Registered protocol family 2
[    0.728626] IP route cache hash table entries: 4096 (order: 3, 32768 bytes)
[    0.733600] TCP established hash table entries: 16384 (order: 6, 262144 bytes)
[    0.739387] TCP bind hash table entries: 16384 (order: 6, 262144 bytes)
[    0.741954] TCP: Hash tables configured (established 16384 bind 16384)
[    0.743946] TCP reno registered
[    0.745141] UDP hash table entries: 256 (order: 1, 8192 bytes)
[    0.746972] UDP-Lite hash table entries: 256 (order: 1, 8192 bytes)
[    0.749050] NET: Registered protocol family 1
[    0.750546] pci 0000:00:00.0: Limiting direct PCI/PCI transfers
[    0.752401] pci 0000:00:01.0: PIIX3: Enabling Passive Release
[    0.753847] pci 0000:00:01.0: Activating ISA DMA hang workarounds
[    0.755526] ACPI: PCI Interrupt Link [LNKD] enabled at IRQ 11
[    0.758124] pci 0000:00:01.2: PCI INT D -> Link[LNKD] -> GSI 11 (level, high) -> IRQ 11
[    0.760323] pci 0000:00:01.2: PCI INT D disabled
[    0.762265] audit: initializing netlink socket (disabled)
[    0.763642] type=2000 audit(1408393010.760:1): initialized
[    0.792415] Trying to unpack rootfs image as initramfs...
[    0.832876] HugeTLB registered 2 MB page size, pre-allocated 0 pages
[    0.912707] VFS: Disk quotas dquot_6.5.2
[    0.913877] Dquot-cache hash table entries: 512 (order 0, 4096 bytes)
[    0.942226] fuse init (API version 7.17)
[    0.943785] msgmni has been set to 969
[    0.988147] Block layer SCSI generic (bsg) driver version 0.4 loaded (major 253)
[    0.997870] io scheduler noop registered
[    0.999250] io scheduler deadline registered (default)
[    1.001418] io scheduler cfq registered
[    1.002894] pci_hotplug: PCI Hot Plug PCI Core version: 0.5
[    1.004716] pciehp: PCI Express Hot Plug Controller Driver version: 0.4
[    1.006921] input: Power Button as /devices/LNXSYSTM:00/LNXPWRBN:00/input/input0
[    1.009415] ACPI: Power Button [PWRF]
[    1.033064] ERST: Table is not found!
[    1.034377] GHES: HEST is not enabled!
[    1.035951] ACPI: PCI Interrupt Link [LNKC] enabled at IRQ 10
[    1.037812] virtio-pci 0000:00:03.0: PCI INT A -> Link[LNKC] -> GSI 10 (level, high) -> IRQ 10
[    1.040739] virtio-pci 0000:00:04.0: PCI INT A -> Link[LNKD] -> GSI 11 (level, high) -> IRQ 11
[    1.055001] ACPI: PCI Interrupt Link [LNKA] enabled at IRQ 10
[    1.066013] virtio-pci 0000:00:05.0: PCI INT A -> Link[LNKA] -> GSI 10 (level, high) -> IRQ 10
[    1.080982] Serial: 8250/16550 driver, 32 ports, IRQ sharing enabled
[    1.105474] serial8250: ttyS0 at I/O 0x3f8 (irq = 4) is a 16550A
[    1.161709] serial8250: ttyS1 at I/O 0x2f8 (irq = 3) is a 16550A
[    1.250498] 00:05: ttyS0 at I/O 0x3f8 (irq = 4) is a 16550A
[    1.292710] 00:06: ttyS1 at I/O 0x2f8 (irq = 3) is a 16550A
[    1.374538] hpet_acpi_add: no address or irqs in _CRS
[    1.376118] Linux agpgart interface v0.103
[    1.762382] Refined TSC clocksource calibration: 2000.071 MHz.
[    1.813117] brd: module loaded
[    1.886287] loop: module loaded
[    2.048035]  vda: unknown partition table
[    2.177176] scsi0 : ata_piix
[    2.196467] scsi1 : ata_piix
[    2.199632] ata1: PATA max MWDMA2 cmd 0x1f0 ctl 0x3f6 bmdma 0xc0a0 irq 14
[    2.201720] ata2: PATA max MWDMA2 cmd 0x170 ctl 0x376 bmdma 0xc0a8 irq 15
[    2.238014] Fixed MDIO Bus: probed
[    2.245680] tun: Universal TUN/TAP device driver, 1.6
[    2.247304] tun: (C) 1999-2004 Max Krasnyansky <maxk@qualcomm.com>
[    2.296788] PPP generic driver version 2.4.2
[    2.350334] ehci_hcd: USB 2.0 'Enhanced' Host Controller (EHCI) Driver
[    2.352417] ohci_hcd: USB 1.1 'Open' Host Controller (OHCI) Driver
[    2.358743] uhci_hcd: USB Universal Host Controller Interface driver
[    2.360777] uhci_hcd 0000:00:01.2: PCI INT D -> Link[LNKD] -> GSI 11 (level, high) -> IRQ 11
[    2.363541] uhci_hcd 0000:00:01.2: UHCI Host Controller
[    2.399605] uhci_hcd 0000:00:01.2: new USB bus registered, assigned bus number 1
[    2.401862] uhci_hcd 0000:00:01.2: irq 11, io base 0x0000c040
[    2.405962] hub 1-0:1.0: USB hub found
[    2.407096] hub 1-0:1.0: 2 ports detected
[    2.408843] usbcore: registered new interface driver libusual
[    2.411105] i8042: PNP: PS/2 Controller [PNP0303:KBD,PNP0f13:MOU] at 0x60,0x64 irq 1,12
[    2.416801] serio: i8042 KBD port at 0x60,0x64 irq 1
[    2.418535] serio: i8042 AUX port at 0x60,0x64 irq 12
[    2.448116] mousedev: PS/2 mouse device common for all mice
[    2.451108] input: AT Translated Set 2 keyboard as /devices/platform/i8042/serio0/input/input1
[    2.454096] rtc_cmos 00:01: RTC can wake from S4
[    2.456316] rtc_cmos 00:01: rtc core: registered rtc_cmos as rtc0
[    2.457966] rtc0: alarms up to one day, 114 bytes nvram
[    2.459471] device-mapper: uevent: version 1.0.3
[    2.472366] device-mapper: ioctl: 4.22.0-ioctl (2011-10-19) initialised: dm-devel@redhat.com
[    2.475446] cpuidle: using governor ladder
[    2.477055] cpuidle: using governor menu
[    2.478591] EFI Variables Facility v0.08 2004-May-17
[    2.487255] TCP cubic registered
[    2.489200] NET: Registered protocol family 10
[    2.499579] NET: Registered protocol family 17
[    2.501050] Registering the dns_resolver key type
[    2.519142] ata2.01: ATAPI: QEMU DVD-ROM, 1.0, max UDMA/100
[    2.526563] ata2.01: configured for MWDMA2
[    2.528869] scsi 1:0:1:0: CD-ROM            QEMU     QEMU DVD-ROM     1.0  PQ: 0 ANSI: 5
[    2.554264] sr0: scsi3-mmc drive: 4x/4x cd/rw xa/form2 tray
[    2.556288] cdrom: Uniform CD-ROM driver Revision: 3.20
[    2.569840] sr 1:0:1:0: Attached scsi generic sg0 type 5
[    2.581318] registered taskstats version 1
[    2.747147] usb 1-1: new full-speed USB device number 2 using uhci_hcd
[    3.246458] Freeing initrd memory: 3628k freed
[    3.284762]   Magic number: 10:207:296
[    3.296028] tty tty29: hash matches
[    3.297472] rtc_cmos 00:01: setting system clock to 2014-08-18 20:16:53 UTC (1408393013)
[    3.300299] BIOS EDD facility v0.16 2004-Jun-25, 0 devices found
[    3.302213] EDD information not available.
[    3.306466] Freeing unused kernel memory: 924k freed
[    3.309388] Write protecting the kernel read-only data: 12288k
[    3.316525] Freeing unused kernel memory: 1632k freed
[    3.322974] Freeing unused kernel memory: 1200k freed

info: initramfs: up at 3.34
info: initramfs loading root from /dev/vda
info: /etc/init.d/rc.sysinit: up at 4.25
Starting logging: OK
Initializing random number generator... done.
Starting acpid: OK
cirros-ds 'local' up at 4.34
found datasource (configdrive, local)
cirros-apply-local already run per instance
Starting network...
udhcpc (v1.20.1) started
Sending discover...
Sending select for 10.16.20.2...
Lease of 10.16.20.2 obtained, lease time 86400
deleting routers
route: SIOCDELRT: No such process
adding dns 10.16.20.3
check-version already run per instance
Starting dropbear sshd: OK
userdata already run per instance
=== network info ===
if-info: lo,up,127.0.0.1,8,::1
if-info: eth0,up,10.16.20.2,24,fe80::f816:3eff:fe95:1ef0
ip-route:default via 10.16.20.1 dev eth0 
ip-route:10.16.20.0/24 dev eth0  src 10.16.20.2 
=== datasource: configdrive local ===
instance-id: a87788a0-e51d-4e4a-8fbc-6fd4c58ab00e
name: Tenant1-WEB1
availability-zone: nova
local-hostname: tenant1-web1.novalocal
launch-index: 0
=== cirros: current=0.3.1 uptime=4.64 ===
  ____               ____  ____
 / __/ __ ____ ____ / __ \/ __/
/ /__ / // __// __// /_/ /\ \ 
\___//_//_/  /_/   \____/___/ 
   http://cirros-cloud.net


login as 'cirros' user. default password: 'cubswin:)'. use 'sudo' for root.
cirros login: 